<?xml version="1.0" encoding="ISO-8859-1" ?>
<link_info>
   <banner>TI ARM Linker PC v20.2.7.LTS</banner>
   <copyright>Copyright (c) 1996-2018 Texas Instruments Incorporated</copyright>
   <link_time>0x64721b62</link_time>
   <link_errors>0x0</link_errors>
   <output_file>ethernet_ipc_ex1_basic_cm.out</output_file>
   <entry_point>
      <name>_c_int00_noargs</name>
      <address>0x20002d41</address>
   </entry_point>
   <input_file_list>
      <input_file id="fl-2">
         <path>.\</path>
         <kind>object</kind>
         <file>ethernet_ipc_ex1_basic_cm.obj</file>
         <name>ethernet_ipc_ex1_basic_cm.obj</name>
      </input_file>
      <input_file id="fl-3">
         <path>.\</path>
         <kind>object</kind>
         <file>startup_cm.obj</file>
         <name>startup_cm.obj</name>
      </input_file>
      <input_file id="fl-4">
         <path>.\device\</path>
         <kind>object</kind>
         <file>cm.obj</file>
         <name>cm.obj</name>
      </input_file>
      <input_file id="fl-9">
         <kind>object</kind>
         <file>&lt;internal&gt;</file>
         <name>&lt;internal&gt;</name>
      </input_file>
      <input_file id="fl-a">
         <path>C:\ti\c2000\C2000Ware_4_02_00_00\driverlib\f2838x\driverlib_cm\ccs\Debug\</path>
         <kind>archive</kind>
         <file>driverlib_cm.lib</file>
         <name>ethernet.obj</name>
      </input_file>
      <input_file id="fl-b">
         <path>C:\ti\c2000\C2000Ware_4_02_00_00\driverlib\f2838x\driverlib_cm\ccs\Debug\</path>
         <kind>archive</kind>
         <file>driverlib_cm.lib</file>
         <name>interrupt.obj</name>
      </input_file>
      <input_file id="fl-c">
         <path>C:\ti\c2000\C2000Ware_4_02_00_00\driverlib\f2838x\driverlib_cm\ccs\Debug\</path>
         <kind>archive</kind>
         <file>driverlib_cm.lib</file>
         <name>ipc.obj</name>
      </input_file>
      <input_file id="fl-d">
         <path>C:\ti\c2000\C2000Ware_4_02_00_00\driverlib\f2838x\driverlib_cm\ccs\Debug\</path>
         <kind>archive</kind>
         <file>driverlib_cm.lib</file>
         <name>platform_port.obj</name>
      </input_file>
      <input_file id="fl-e">
         <path>C:\ti\c2000\C2000Ware_4_02_00_00\driverlib\f2838x\driverlib_cm\ccs\Debug\</path>
         <kind>archive</kind>
         <file>driverlib_cm.lib</file>
         <name>sysctl.obj</name>
      </input_file>
      <input_file id="fl-c4">
         <path>C:\ti\ccs1220\ccs\tools\compiler\ti-cgt-arm_20.2.7.LTS\lib\</path>
         <kind>archive</kind>
         <file>rtsv7M4_T_le_eabi.lib</file>
         <name>fs_add_t2.asm.obj</name>
      </input_file>
      <input_file id="fl-c5">
         <path>C:\ti\ccs1220\ccs\tools\compiler\ti-cgt-arm_20.2.7.LTS\lib\</path>
         <kind>archive</kind>
         <file>rtsv7M4_T_le_eabi.lib</file>
         <name>fs_cmp_t2.asm.obj</name>
      </input_file>
      <input_file id="fl-c6">
         <path>C:\ti\ccs1220\ccs\tools\compiler\ti-cgt-arm_20.2.7.LTS\lib\</path>
         <kind>archive</kind>
         <file>rtsv7M4_T_le_eabi.lib</file>
         <name>fs_div_t2.asm.obj</name>
      </input_file>
      <input_file id="fl-c7">
         <path>C:\ti\ccs1220\ccs\tools\compiler\ti-cgt-arm_20.2.7.LTS\lib\</path>
         <kind>archive</kind>
         <file>rtsv7M4_T_le_eabi.lib</file>
         <name>fs_mul_t2.asm.obj</name>
      </input_file>
      <input_file id="fl-c8">
         <path>C:\ti\ccs1220\ccs\tools\compiler\ti-cgt-arm_20.2.7.LTS\lib\</path>
         <kind>archive</kind>
         <file>rtsv7M4_T_le_eabi.lib</file>
         <name>fs_toi_t2.asm.obj</name>
      </input_file>
      <input_file id="fl-c9">
         <path>C:\ti\ccs1220\ccs\tools\compiler\ti-cgt-arm_20.2.7.LTS\lib\</path>
         <kind>archive</kind>
         <file>rtsv7M4_T_le_eabi.lib</file>
         <name>fs_tou_t2.asm.obj</name>
      </input_file>
      <input_file id="fl-ca">
         <path>C:\ti\ccs1220\ccs\tools\compiler\ti-cgt-arm_20.2.7.LTS\lib\</path>
         <kind>archive</kind>
         <file>rtsv7M4_T_le_eabi.lib</file>
         <name>i_tofs_t2.asm.obj</name>
      </input_file>
      <input_file id="fl-cb">
         <path>C:\ti\ccs1220\ccs\tools\compiler\ti-cgt-arm_20.2.7.LTS\lib\</path>
         <kind>archive</kind>
         <file>rtsv7M4_T_le_eabi.lib</file>
         <name>u_tofs_t2.asm.obj</name>
      </input_file>
      <input_file id="fl-cc">
         <path>C:\ti\ccs1220\ccs\tools\compiler\ti-cgt-arm_20.2.7.LTS\lib\</path>
         <kind>archive</kind>
         <file>rtsv7M4_T_le_eabi.lib</file>
         <name>memset_t2.asm.obj</name>
      </input_file>
      <input_file id="fl-cd">
         <path>C:\ti\ccs1220\ccs\tools\compiler\ti-cgt-arm_20.2.7.LTS\lib\</path>
         <kind>archive</kind>
         <file>rtsv7M4_T_le_eabi.lib</file>
         <name>copy_zero_init.c.obj</name>
      </input_file>
      <input_file id="fl-ce">
         <path>C:\ti\ccs1220\ccs\tools\compiler\ti-cgt-arm_20.2.7.LTS\lib\</path>
         <kind>archive</kind>
         <file>rtsv7M4_T_le_eabi.lib</file>
         <name>copy_decompress_none.c.obj</name>
      </input_file>
      <input_file id="fl-cf">
         <path>C:\ti\ccs1220\ccs\tools\compiler\ti-cgt-arm_20.2.7.LTS\lib\</path>
         <kind>archive</kind>
         <file>rtsv7M4_T_le_eabi.lib</file>
         <name>copy_decompress_lzss.c.obj</name>
      </input_file>
      <input_file id="fl-d0">
         <path>C:\ti\ccs1220\ccs\tools\compiler\ti-cgt-arm_20.2.7.LTS\lib\</path>
         <kind>archive</kind>
         <file>rtsv7M4_T_le_eabi.lib</file>
         <name>boot_cortex_m.c.obj</name>
      </input_file>
      <input_file id="fl-d1">
         <path>C:\ti\ccs1220\ccs\tools\compiler\ti-cgt-arm_20.2.7.LTS\lib\</path>
         <kind>archive</kind>
         <file>rtsv7M4_T_le_eabi.lib</file>
         <name>memcpy_t2.asm.obj</name>
      </input_file>
      <input_file id="fl-d2">
         <path>C:\ti\ccs1220\ccs\tools\compiler\ti-cgt-arm_20.2.7.LTS\lib\</path>
         <kind>archive</kind>
         <file>rtsv7M4_T_le_eabi.lib</file>
         <name>autoinit.c.obj</name>
      </input_file>
      <input_file id="fl-d3">
         <path>C:\ti\ccs1220\ccs\tools\compiler\ti-cgt-arm_20.2.7.LTS\lib\</path>
         <kind>archive</kind>
         <file>rtsv7M4_T_le_eabi.lib</file>
         <name>pre_init.c.obj</name>
      </input_file>
      <input_file id="fl-d4">
         <path>C:\ti\ccs1220\ccs\tools\compiler\ti-cgt-arm_20.2.7.LTS\lib\</path>
         <kind>archive</kind>
         <file>rtsv7M4_T_le_eabi.lib</file>
         <name>cpy_tbl.c.obj</name>
      </input_file>
      <input_file id="fl-d5">
         <path>C:\ti\ccs1220\ccs\tools\compiler\ti-cgt-arm_20.2.7.LTS\lib\</path>
         <kind>archive</kind>
         <file>rtsv7M4_T_le_eabi.lib</file>
         <name>exit.c.obj</name>
      </input_file>
      <input_file id="fl-d6">
         <path>C:\ti\ccs1220\ccs\tools\compiler\ti-cgt-arm_20.2.7.LTS\lib\</path>
         <kind>archive</kind>
         <file>rtsv7M4_T_le_eabi.lib</file>
         <name>_lock.c.obj</name>
      </input_file>
      <input_file id="fl-d7">
         <path>C:\ti\ccs1220\ccs\tools\compiler\ti-cgt-arm_20.2.7.LTS\lib\</path>
         <kind>archive</kind>
         <file>rtsv7M4_T_le_eabi.lib</file>
         <name>args_main.c.obj</name>
      </input_file>
   </input_file_list>
   <object_component_list>
      <object_component id="oc-2a">
         <name>.resetisr:resetISR</name>
         <load_address>0x20000800</load_address>
         <run_address>0x20000800</run_address>
         <size>0x6</size>
         <input_file_ref idref="fl-3"/>
      </object_component>
      <object_component id="oc-27">
         <name>.vtable:retain</name>
         <load_address>0x20000c00</load_address>
         <run_address>0x20000c00</run_address>
         <size>0x140</size>
         <input_file_ref idref="fl-3"/>
      </object_component>
      <object_component id="oc-1b1">
         <name>.text:Ethernet_addPacketsIntoTxQueue</name>
         <load_address>0x20000808</load_address>
         <run_address>0x20000808</run_address>
         <size>0x33c</size>
         <input_file_ref idref="fl-a"/>
      </object_component>
      <object_component id="oc-166">
         <name>.text:Ethernet_writePHYRegister</name>
         <load_address>0x20000b44</load_address>
         <run_address>0x20000b44</run_address>
         <size>0x9c</size>
         <input_file_ref idref="fl-a"/>
      </object_component>
      <object_component id="oc-21b">
         <name>.text:Ethernet_configurePHYAddress</name>
         <load_address>0x20000be0</load_address>
         <run_address>0x20000be0</run_address>
         <size>0x20</size>
         <input_file_ref idref="fl-a"/>
      </object_component>
      <object_component id="oc-42">
         <name>.text:Ethernet_genericISR</name>
         <load_address>0x20000d40</load_address>
         <run_address>0x20000d40</run_address>
         <size>0x4f4</size>
         <input_file_ref idref="fl-a"/>
      </object_component>
      <object_component id="oc-12f">
         <name>.text:Ethernet_removePacketsFromRxQueue</name>
         <load_address>0x20001234</load_address>
         <run_address>0x20001234</run_address>
         <size>0x2cc</size>
         <input_file_ref idref="fl-a"/>
      </object_component>
      <object_component id="oc-b4">
         <name>.text:Ethernet_getInitConfig</name>
         <load_address>0x20001500</load_address>
         <run_address>0x20001500</run_address>
         <size>0x248</size>
         <input_file_ref idref="fl-a"/>
      </object_component>
      <object_component id="oc-ba">
         <name>.text:Ethernet_getHandle</name>
         <load_address>0x20001748</load_address>
         <run_address>0x20001748</run_address>
         <size>0x1bc</size>
         <input_file_ref idref="fl-a"/>
      </object_component>
      <object_component id="oc-31">
         <name>.text:main</name>
         <load_address>0x20001904</load_address>
         <run_address>0x20001904</run_address>
         <size>0x17c</size>
         <input_file_ref idref="fl-2"/>
      </object_component>
      <object_component id="oc-1f1">
         <name>.text:Ethernet_initRxChannel</name>
         <load_address>0x20001a80</load_address>
         <run_address>0x20001a80</run_address>
         <size>0x13c</size>
         <input_file_ref idref="fl-a"/>
      </object_component>
      <object_component id="oc-9c">
         <name>.text:Ethernet_removePacketsFromTxQueue</name>
         <load_address>0x20001bbc</load_address>
         <run_address>0x20001bbc</run_address>
         <size>0x134</size>
         <input_file_ref idref="fl-a"/>
      </object_component>
      <object_component id="oc-1e5">
         <name>.text:Ethernet_initTxChannel</name>
         <load_address>0x20001cf0</load_address>
         <run_address>0x20001cf0</run_address>
         <size>0x124</size>
         <input_file_ref idref="fl-a"/>
      </object_component>
      <object_component id="oc-274">
         <name>.text:Ethernet_sendPacket</name>
         <load_address>0x20001e14</load_address>
         <run_address>0x20001e14</run_address>
         <size>0x108</size>
         <input_file_ref idref="fl-a"/>
      </object_component>
      <object_component id="oc-ae">
         <name>.text:Ethernet_initInterface</name>
         <load_address>0x20001f1c</load_address>
         <run_address>0x20001f1c</run_address>
         <size>0xfc</size>
         <input_file_ref idref="fl-a"/>
      </object_component>
      <object_component id="oc-2f8">
         <name>.text:Ethernet_writeTxDMAControl</name>
         <load_address>0x20002018</load_address>
         <run_address>0x20002018</run_address>
         <size>0xd6</size>
         <input_file_ref idref="fl-a"/>
      </object_component>
      <object_component id="oc-92">
         <name>.text:defaultISR</name>
         <load_address>0x200020ee</load_address>
         <run_address>0x200020ee</run_address>
         <size>0x2</size>
         <input_file_ref idref="fl-3"/>
      </object_component>
      <object_component id="oc-26e">
         <name>.text:IPC_readCommand</name>
         <load_address>0x200020f0</load_address>
         <run_address>0x200020f0</run_address>
         <size>0xc0</size>
         <input_file_ref idref="fl-c"/>
      </object_component>
      <object_component id="oc-56">
         <name>.text</name>
         <load_address>0x200021b0</load_address>
         <run_address>0x200021b0</run_address>
         <size>0x9c</size>
         <input_file_ref idref="fl-d1"/>
      </object_component>
      <object_component id="oc-312">
         <name>.text:Ethernet_writeRxDMAControl</name>
         <load_address>0x2000224c</load_address>
         <run_address>0x2000224c</run_address>
         <size>0x96</size>
         <input_file_ref idref="fl-a"/>
      </object_component>
      <object_component id="oc-8c">
         <name>.text:faultISR</name>
         <load_address>0x200022e2</load_address>
         <run_address>0x200022e2</run_address>
         <size>0x2</size>
         <input_file_ref idref="fl-3"/>
      </object_component>
      <object_component id="oc-136">
         <name>.text:Ethernet_addPacketsIntoRxQueue</name>
         <load_address>0x200022e4</load_address>
         <run_address>0x200022e4</run_address>
         <size>0x88</size>
         <input_file_ref idref="fl-a"/>
      </object_component>
      <object_component id="oc-252">
         <name>.text:Interrupt_disable</name>
         <load_address>0x2000236c</load_address>
         <run_address>0x2000236c</run_address>
         <size>0x80</size>
         <input_file_ref idref="fl-b"/>
      </object_component>
      <object_component id="oc-cc">
         <name>.text:Interrupt_enable</name>
         <load_address>0x200023ec</load_address>
         <run_address>0x200023ec</run_address>
         <size>0x80</size>
         <input_file_ref idref="fl-b"/>
      </object_component>
      <object_component id="oc-189">
         <name>.text</name>
         <load_address>0x2000246c</load_address>
         <run_address>0x2000246c</run_address>
         <size>0x7a</size>
         <input_file_ref idref="fl-cc"/>
      </object_component>
      <object_component id="oc-160">
         <name>.text:Ethernet_readPHYRegister</name>
         <load_address>0x200024e6</load_address>
         <run_address>0x200024e6</run_address>
         <size>0x72</size>
         <input_file_ref idref="fl-a"/>
      </object_component>
      <object_component id="oc-3c">
         <name>.text:Ethernet_receiveISR</name>
         <load_address>0x20002558</load_address>
         <run_address>0x20002558</run_address>
         <size>0x70</size>
         <input_file_ref idref="fl-a"/>
      </object_component>
      <object_component id="oc-30">
         <name>.text:Ethernet_transmitISR</name>
         <load_address>0x200025c8</load_address>
         <run_address>0x200025c8</run_address>
         <size>0x70</size>
         <input_file_ref idref="fl-a"/>
      </object_component>
      <object_component id="oc-261">
         <name>.text:SysCtl_resetPeripheral</name>
         <load_address>0x20002638</load_address>
         <run_address>0x20002638</run_address>
         <size>0x70</size>
         <input_file_ref idref="fl-e"/>
      </object_component>
      <object_component id="oc-11f">
         <name>.text:IPC_ISR0</name>
         <load_address>0x200026a8</load_address>
         <run_address>0x200026a8</run_address>
         <size>0x6c</size>
         <input_file_ref idref="fl-2"/>
      </object_component>
      <object_component id="oc-19">
         <name>.text:decompress:lzss:__TI_decompress_lzss</name>
         <load_address>0x20002714</load_address>
         <run_address>0x20002714</run_address>
         <size>0x68</size>
         <input_file_ref idref="fl-cf"/>
      </object_component>
      <object_component id="oc-108">
         <name>.text:Ethernet_getPacketBuffer</name>
         <load_address>0x2000277c</load_address>
         <run_address>0x2000277c</run_address>
         <size>0x60</size>
         <input_file_ref idref="fl-a"/>
      </object_component>
      <object_component id="oc-c6">
         <name>.text:Interrupt_registerHandler</name>
         <load_address>0x200027dc</load_address>
         <run_address>0x200027dc</run_address>
         <size>0x5c</size>
         <input_file_ref idref="fl-b"/>
      </object_component>
      <object_component id="oc-25a">
         <name>.text:SysCtl_enablePeripheral</name>
         <load_address>0x20002838</load_address>
         <run_address>0x20002838</run_address>
         <size>0x48</size>
         <input_file_ref idref="fl-e"/>
      </object_component>
      <object_component id="oc-2bb">
         <name>.text:__TI_auto_init_nobinit_nopinit:__TI_auto_init_nobinit_nopinit</name>
         <load_address>0x20002880</load_address>
         <run_address>0x20002880</run_address>
         <size>0x44</size>
         <input_file_ref idref="fl-d2"/>
      </object_component>
      <object_component id="oc-357">
         <name>.text:Ethernet_performPushPacketQueueChain</name>
         <load_address>0x200028c4</load_address>
         <run_address>0x200028c4</run_address>
         <size>0x42</size>
         <input_file_ref idref="fl-a"/>
      </object_component>
      <object_component id="oc-289">
         <name>.text:Ethernet_performPushOnPacketQueue</name>
         <load_address>0x20002906</load_address>
         <run_address>0x20002906</run_address>
         <size>0x3c</size>
         <input_file_ref idref="fl-a"/>
      </object_component>
      <object_component id="oc-209">
         <name>.text:Ethernet_setMACAddr</name>
         <load_address>0x20002942</load_address>
         <run_address>0x20002942</run_address>
         <size>0x3c</size>
         <input_file_ref idref="fl-a"/>
      </object_component>
      <object_component id="oc-86">
         <name>.text:nmiISR</name>
         <load_address>0x2000297e</load_address>
         <run_address>0x2000297e</run_address>
         <size>0x2</size>
         <input_file_ref idref="fl-3"/>
      </object_component>
      <object_component id="oc-d8">
         <name>.text:IPC_registerInterrupt</name>
         <load_address>0x20002980</load_address>
         <run_address>0x20002980</run_address>
         <size>0x3c</size>
         <input_file_ref idref="fl-c"/>
      </object_component>
      <object_component id="oc-324">
         <name>.text:Ethernet_enableMACRxQ</name>
         <load_address>0x200029bc</load_address>
         <run_address>0x200029bc</run_address>
         <size>0x32</size>
         <input_file_ref idref="fl-a"/>
      </object_component>
      <object_component id="oc-de">
         <name>.text:IPC_sync</name>
         <load_address>0x200029ee</load_address>
         <run_address>0x200029ee</run_address>
         <size>0x32</size>
         <input_file_ref idref="fl-2"/>
      </object_component>
      <object_component id="oc-142">
         <name>.text:Ethernet_configureEEEClockGatingControl</name>
         <load_address>0x20002a20</load_address>
         <run_address>0x20002a20</run_address>
         <size>0x30</size>
         <input_file_ref idref="fl-a"/>
      </object_component>
      <object_component id="oc-15a">
         <name>.text:Ethernet_getOneStepTransmitTimestampPTP</name>
         <load_address>0x20002a50</load_address>
         <run_address>0x20002a50</run_address>
         <size>0x30</size>
         <input_file_ref idref="fl-a"/>
      </object_component>
      <object_component id="oc-304">
         <name>.text:Ethernet_setMTLTxQueueOpMode</name>
         <load_address>0x20002a80</load_address>
         <run_address>0x20002a80</run_address>
         <size>0x2e</size>
         <input_file_ref idref="fl-a"/>
      </object_component>
      <object_component id="oc-14e">
         <name>.text:Ethernet_isTimestampIntActive</name>
         <load_address>0x20002ab0</load_address>
         <run_address>0x20002ab0</run_address>
         <size>0x2c</size>
         <input_file_ref idref="fl-a"/>
      </object_component>
      <object_component id="oc-154">
         <name>.text:Ethernet_isTransmitTimestampStatusSet</name>
         <load_address>0x20002adc</load_address>
         <run_address>0x20002adc</run_address>
         <size>0x2c</size>
         <input_file_ref idref="fl-a"/>
      </object_component>
      <object_component id="oc-31e">
         <name>.text:Ethernet_setMTLRxQueueOpMode</name>
         <load_address>0x20002b08</load_address>
         <run_address>0x20002b08</run_address>
         <size>0x28</size>
         <input_file_ref idref="fl-a"/>
      </object_component>
      <object_component id="oc-249">
         <name>.text:IPC_waitForAck</name>
         <load_address>0x20002b30</load_address>
         <run_address>0x20002b30</run_address>
         <size>0x28</size>
         <input_file_ref idref="fl-2"/>
      </object_component>
      <object_component id="oc-243">
         <name>.text:IPC_waitForFlag</name>
         <load_address>0x20002b58</load_address>
         <run_address>0x20002b58</run_address>
         <size>0x28</size>
         <input_file_ref idref="fl-2"/>
      </object_component>
      <object_component id="oc-215">
         <name>.text:Ethernet_configureMDIO</name>
         <load_address>0x20002b80</load_address>
         <run_address>0x20002b80</run_address>
         <size>0x26</size>
         <input_file_ref idref="fl-a"/>
      </object_component>
      <object_component id="oc-1d1">
         <name>.text:Ethernet_configureRevMIIAddress</name>
         <load_address>0x20002ba6</load_address>
         <run_address>0x20002ba6</run_address>
         <size>0x26</size>
         <input_file_ref idref="fl-a"/>
      </object_component>
      <object_component id="oc-32a">
         <name>.text:Ethernet_enableRxDMAReception</name>
         <load_address>0x20002bcc</load_address>
         <run_address>0x20002bcc</run_address>
         <size>0x26</size>
         <input_file_ref idref="fl-a"/>
      </object_component>
      <object_component id="oc-283">
         <name>.text:Ethernet_getRxERICount</name>
         <load_address>0x20002bf2</load_address>
         <run_address>0x20002bf2</run_address>
         <size>0x26</size>
         <input_file_ref idref="fl-a"/>
      </object_component>
      <object_component id="oc-1ab">
         <name>.text:Ethernet_performPopOnPacketQueue</name>
         <load_address>0x20002c18</load_address>
         <run_address>0x20002c18</run_address>
         <size>0x26</size>
         <input_file_ref idref="fl-a"/>
      </object_component>
      <object_component id="oc-318">
         <name>.text:Ethernet_setRxDescRingLength</name>
         <load_address>0x20002c3e</load_address>
         <run_address>0x20002c3e</run_address>
         <size>0x26</size>
         <input_file_ref idref="fl-a"/>
      </object_component>
      <object_component id="oc-2fe">
         <name>.text:Ethernet_setTxDescRingLength</name>
         <load_address>0x20002c64</load_address>
         <run_address>0x20002c64</run_address>
         <size>0x26</size>
         <input_file_ref idref="fl-a"/>
      </object_component>
      <object_component id="oc-1f7">
         <name>.text:Ethernet_enableDmaInterrupt</name>
         <load_address>0x20002c8a</load_address>
         <run_address>0x20002c8a</run_address>
         <size>0x24</size>
         <input_file_ref idref="fl-a"/>
      </object_component>
      <object_component id="oc-ea">
         <name>.text:IPC_ackFlagRtoL</name>
         <load_address>0x20002cb0</load_address>
         <run_address>0x20002cb0</run_address>
         <size>0x24</size>
         <input_file_ref idref="fl-2"/>
      </object_component>
      <object_component id="oc-d2">
         <name>.text:IPC_clearFlagLtoR</name>
         <load_address>0x20002cd4</load_address>
         <run_address>0x20002cd4</run_address>
         <size>0x24</size>
         <input_file_ref idref="fl-2"/>
      </object_component>
      <object_component id="oc-e4">
         <name>.text:IPC_sendResponse</name>
         <load_address>0x20002cf8</load_address>
         <run_address>0x20002cf8</run_address>
         <size>0x24</size>
         <input_file_ref idref="fl-2"/>
      </object_component>
      <object_component id="oc-23d">
         <name>.text:IPC_setFlagLtoR</name>
         <load_address>0x20002d1c</load_address>
         <run_address>0x20002d1c</run_address>
         <size>0x24</size>
         <input_file_ref idref="fl-2"/>
      </object_component>
      <object_component id="oc-74">
         <name>.text:_c_int00_noargs:_c_int00_noargs</name>
         <load_address>0x20002d40</load_address>
         <run_address>0x20002d40</run_address>
         <size>0x24</size>
         <input_file_ref idref="fl-d0"/>
      </object_component>
      <object_component id="oc-1d7">
         <name>.text:Ethernet_resetModule</name>
         <load_address>0x20002d64</load_address>
         <run_address>0x20002d64</run_address>
         <size>0x20</size>
         <input_file_ref idref="fl-a"/>
      </object_component>
      <object_component id="oc-a2">
         <name>.text:Ethernet_clearDMAChannelInterrupt</name>
         <load_address>0x20002d84</load_address>
         <run_address>0x20002d84</run_address>
         <size>0x1e</size>
         <input_file_ref idref="fl-a"/>
      </object_component>
      <object_component id="oc-297">
         <name>.text:Ethernet_getPHYMode</name>
         <load_address>0x20002da2</load_address>
         <run_address>0x20002da2</run_address>
         <size>0x1e</size>
         <input_file_ref idref="fl-a"/>
      </object_component>
      <object_component id="oc-1fd">
         <name>.text:Ethernet_setMTLOpmode</name>
         <load_address>0x20002dc0</load_address>
         <run_address>0x20002dc0</run_address>
         <size>0x1e</size>
         <input_file_ref idref="fl-a"/>
      </object_component>
      <object_component id="oc-30c">
         <name>.text:Ethernet_writeRxDescListAddress</name>
         <load_address>0x20002dde</load_address>
         <run_address>0x20002dde</run_address>
         <size>0x1e</size>
         <input_file_ref idref="fl-a"/>
      </object_component>
      <object_component id="oc-13c">
         <name>.text:Ethernet_writeRxDescTailPointer</name>
         <load_address>0x20002dfc</load_address>
         <run_address>0x20002dfc</run_address>
         <size>0x1e</size>
         <input_file_ref idref="fl-a"/>
      </object_component>
      <object_component id="oc-2f2">
         <name>.text:Ethernet_writeTxDescListAddress</name>
         <load_address>0x20002e1a</load_address>
         <run_address>0x20002e1a</run_address>
         <size>0x1e</size>
         <input_file_ref idref="fl-a"/>
      </object_component>
      <object_component id="oc-1eb">
         <name>.text:Ethernet_writeTxDescTailPointer</name>
         <load_address>0x20002e38</load_address>
         <run_address>0x20002e38</run_address>
         <size>0x1e</size>
         <input_file_ref idref="fl-a"/>
      </object_component>
      <object_component id="oc-114">
         <name>.text:Ethernet_receivePacketCallback</name>
         <load_address>0x20002e58</load_address>
         <run_address>0x20002e58</run_address>
         <size>0x18</size>
         <input_file_ref idref="fl-a"/>
      </object_component>
      <object_component id="oc-10e">
         <name>.text:Ethernet_releaseTxPacketBuffer</name>
         <load_address>0x20002e70</load_address>
         <run_address>0x20002e70</run_address>
         <size>0x18</size>
         <input_file_ref idref="fl-a"/>
      </object_component>
      <object_component id="oc-20f">
         <name>.text:Ethernet_setMACPacketFilter</name>
         <load_address>0x20002e88</load_address>
         <run_address>0x20002e88</run_address>
         <size>0x18</size>
         <input_file_ref idref="fl-a"/>
      </object_component>
      <object_component id="oc-c0">
         <name>.text:Interrupt_enableInProcessor</name>
         <load_address>0x20002ea0</load_address>
         <run_address>0x20002ea0</run_address>
         <size>0x18</size>
         <input_file_ref idref="fl-2"/>
      </object_component>
      <object_component id="oc-148">
         <name>.text:Ethernet_disableTxEEEMode</name>
         <load_address>0x20002eb8</load_address>
         <run_address>0x20002eb8</run_address>
         <size>0x16</size>
         <input_file_ref idref="fl-a"/>
      </object_component>
      <object_component id="oc-203">
         <name>.text:Ethernet_setDMAMode</name>
         <load_address>0x20002ece</load_address>
         <run_address>0x20002ece</run_address>
         <size>0x16</size>
         <input_file_ref idref="fl-a"/>
      </object_component>
      <object_component id="oc-1df">
         <name>.text:Ethernet_setMACConfiguration</name>
         <load_address>0x20002ee4</load_address>
         <run_address>0x20002ee4</run_address>
         <size>0x16</size>
         <input_file_ref idref="fl-a"/>
      </object_component>
      <object_component id="oc-27d">
         <name>.text:Ethernet_returnTopOfPacketQueue</name>
         <load_address>0x20002efa</load_address>
         <run_address>0x20002efa</run_address>
         <size>0xe</size>
         <input_file_ref idref="fl-a"/>
      </object_component>
      <object_component id="oc-fc">
         <name>.text:Platform_enablePeripheral</name>
         <load_address>0x20002f08</load_address>
         <run_address>0x20002f08</run_address>
         <size>0xe</size>
         <input_file_ref idref="fl-d"/>
      </object_component>
      <object_component id="oc-102">
         <name>.text:Platform_resetPeripheral</name>
         <load_address>0x20002f16</load_address>
         <run_address>0x20002f16</run_address>
         <size>0xe</size>
         <input_file_ref idref="fl-d"/>
      </object_component>
      <object_component id="oc-1f">
         <name>.text:decompress:none:__TI_decompress_none</name>
         <load_address>0x20002f24</load_address>
         <run_address>0x20002f24</run_address>
         <size>0xe</size>
         <input_file_ref idref="fl-ce"/>
      </object_component>
      <object_component id="oc-f0">
         <name>.text:Platform_disableInterrupt</name>
         <load_address>0x20002f32</load_address>
         <run_address>0x20002f32</run_address>
         <size>0xc</size>
         <input_file_ref idref="fl-d"/>
      </object_component>
      <object_component id="oc-f6">
         <name>.text:Platform_enableInterrupt</name>
         <load_address>0x20002f3e</load_address>
         <run_address>0x20002f3e</run_address>
         <size>0xc</size>
         <input_file_ref idref="fl-d"/>
      </object_component>
      <object_component id="oc-68">
         <name>.text:decompress:ZI:__TI_zero_init</name>
         <load_address>0x20002f4a</load_address>
         <run_address>0x20002f4a</run_address>
         <size>0xc</size>
         <input_file_ref idref="fl-cd"/>
      </object_component>
      <object_component id="oc-223">
         <name>.text:CPU_clearPRIMASK</name>
         <load_address>0x20002f56</load_address>
         <run_address>0x20002f56</run_address>
         <size>0x8</size>
         <input_file_ref idref="fl-2"/>
      </object_component>
      <object_component id="oc-18f">
         <name>.text:_system_pre_init</name>
         <load_address>0x20002f5e</load_address>
         <run_address>0x20002f5e</run_address>
         <size>0x4</size>
         <input_file_ref idref="fl-d3"/>
      </object_component>
      <object_component id="oc-2af">
         <name>.text:abort:abort</name>
         <load_address>0x20002f62</load_address>
         <run_address>0x20002f62</run_address>
         <size>0x4</size>
         <input_file_ref idref="fl-d5"/>
      </object_component>
      <object_component id="oc-3f6">
         <name>__TI_handler_table</name>
         <load_address>0x1fffe000</load_address>
         <run_address>0x1fffe000</run_address>
         <size>0xc</size>
      </object_component>
      <object_component id="oc-3f9">
         <name>.cinit..bss.load</name>
         <load_address>0x1fffe010</load_address>
         <run_address>0x1fffe010</run_address>
         <size>0x8</size>
      </object_component>
      <object_component id="oc-3f8">
         <name>.cinit..data.load</name>
         <load_address>0x1fffe018</load_address>
         <run_address>0x1fffe018</run_address>
         <size>0x8</size>
      </object_component>
      <object_component id="oc-3f7">
         <name>__TI_cinit_table</name>
         <load_address>0x1fffe020</load_address>
         <run_address>0x1fffe020</run_address>
         <size>0x10</size>
      </object_component>
      <object_component id="oc-48">
         <name>.stack</name>
         <uninitialized>true</uninitialized>
         <run_address>0x1fffc000</run_address>
         <size>0x4</size>
         <input_file_ref idref="fl-d0"/>
      </object_component>
      <object_component id="oc-3fb">
         <name>.stack</name>
         <uninitialized>true</uninitialized>
         <run_address>0x1fffc000</run_address>
         <size>0x0</size>
      </object_component>
      <object_component id="oc-125">
         <name>.data</name>
         <load_address>0x2000cb50</load_address>
         <run_address>0x2000cb50</run_address>
         <size>0x1</size>
         <input_file_ref idref="fl-2"/>
      </object_component>
      <object_component id="oc-ab">
         <name>.data</name>
         <load_address>0x2000caf4</load_address>
         <run_address>0x2000caf4</run_address>
         <size>0x5c</size>
         <input_file_ref idref="fl-a"/>
      </object_component>
      <object_component id="oc-11a">
         <name>.common:Ethernet_rxBuffer</name>
         <uninitialized>true</uninitialized>
         <run_address>0x2000c000</run_address>
         <size>0x604</size>
      </object_component>
      <object_component id="oc-11d">
         <name>.common:emac_handle</name>
         <uninitialized>true</uninitialized>
         <run_address>0x2000caf0</run_address>
         <size>0x4</size>
      </object_component>
      <object_component id="oc-11e">
         <name>.common:pktDesc</name>
         <uninitialized>true</uninitialized>
         <run_address>0x2000caa8</run_address>
         <size>0x48</size>
      </object_component>
      <object_component id="oc-a8">
         <name>.common:Ethernet_device_struct</name>
         <uninitialized>true</uninitialized>
         <run_address>0x2000c604</run_address>
         <size>0x25c</size>
      </object_component>
      <object_component id="oc-268">
         <name>.common:Ethernet_pktDescriptorRX</name>
         <uninitialized>true</uninitialized>
         <run_address>0x2000ca60</run_address>
         <size>0x48</size>
      </object_component>
      <object_component id="oc-221">
         <name>.common:Ethernet_descArray</name>
         <uninitialized>true</uninitialized>
         <run_address>0x2000c860</run_address>
         <size>0x200</size>
      </object_component>
      <object_component id="oc-22d">
         <name>.const:IPC_Instance</name>
         <load_address>0x1fffc200</load_address>
         <run_address>0x1fffc200</run_address>
         <size>0x88</size>
         <input_file_ref idref="fl-c"/>
      </object_component>
      <object_component id="oc-33b">
         <name>MSGRAM_CM_TO_CPU1</name>
         <uninitialized>true</uninitialized>
         <run_address>0x20082000</run_address>
         <size>0x110</size>
         <input_file_ref idref="fl-c"/>
      </object_component>
      <object_component id="oc-341">
         <name>MSGRAM_CM_TO_CPU2</name>
         <uninitialized>true</uninitialized>
         <run_address>0x20086000</run_address>
         <size>0x110</size>
         <input_file_ref idref="fl-c"/>
      </object_component>
      <object_component id="oc-33e">
         <name>MSGRAM_CPU1_TO_CM</name>
         <uninitialized>true</uninitialized>
         <run_address>0x20080000</run_address>
         <size>0x110</size>
         <input_file_ref idref="fl-c"/>
      </object_component>
      <object_component id="oc-344">
         <name>MSGRAM_CPU2_TO_CM</name>
         <uninitialized>true</uninitialized>
         <run_address>0x20084000</run_address>
         <size>0x110</size>
         <input_file_ref idref="fl-c"/>
      </object_component>
      <object_component id="oc-11b">
         <name>.debug_info</name>
         <load_address>0x0</load_address>
         <run_address>0x0</run_address>
         <size>0x8b9</size>
         <input_file_ref idref="fl-2"/>
      </object_component>
      <object_component id="oc-126">
         <name>.debug_info</name>
         <load_address>0x8b9</load_address>
         <run_address>0x8b9</run_address>
         <size>0xee</size>
         <input_file_ref idref="fl-2"/>
      </object_component>
      <object_component id="oc-224">
         <name>.debug_info</name>
         <load_address>0x9a7</load_address>
         <run_address>0x9a7</run_address>
         <size>0x1a5</size>
         <input_file_ref idref="fl-2"/>
      </object_component>
      <object_component id="oc-c1">
         <name>.debug_info</name>
         <load_address>0xb4c</load_address>
         <run_address>0xb4c</run_address>
         <size>0x1de</size>
         <input_file_ref idref="fl-2"/>
      </object_component>
      <object_component id="oc-23e">
         <name>.debug_info</name>
         <load_address>0xd2a</load_address>
         <run_address>0xd2a</run_address>
         <size>0x1f8</size>
         <input_file_ref idref="fl-2"/>
      </object_component>
      <object_component id="oc-d3">
         <name>.debug_info</name>
         <load_address>0xf22</load_address>
         <run_address>0xf22</run_address>
         <size>0x1fc</size>
         <input_file_ref idref="fl-2"/>
      </object_component>
      <object_component id="oc-eb">
         <name>.debug_info</name>
         <load_address>0x111e</load_address>
         <run_address>0x111e</run_address>
         <size>0x1f8</size>
         <input_file_ref idref="fl-2"/>
      </object_component>
      <object_component id="oc-244">
         <name>.debug_info</name>
         <load_address>0x1316</load_address>
         <run_address>0x1316</run_address>
         <size>0x1f4</size>
         <input_file_ref idref="fl-2"/>
      </object_component>
      <object_component id="oc-24b">
         <name>.debug_info</name>
         <load_address>0x150a</load_address>
         <run_address>0x150a</run_address>
         <size>0x1f2</size>
         <input_file_ref idref="fl-2"/>
      </object_component>
      <object_component id="oc-df">
         <name>.debug_info</name>
         <load_address>0x16fc</load_address>
         <run_address>0x16fc</run_address>
         <size>0x23d</size>
         <input_file_ref idref="fl-2"/>
      </object_component>
      <object_component id="oc-e5">
         <name>.debug_info</name>
         <load_address>0x1939</load_address>
         <run_address>0x1939</run_address>
         <size>0x1f6</size>
         <input_file_ref idref="fl-2"/>
      </object_component>
      <object_component id="oc-121">
         <name>.debug_info</name>
         <load_address>0x1b2f</load_address>
         <run_address>0x1b2f</run_address>
         <size>0x1b2</size>
         <input_file_ref idref="fl-2"/>
      </object_component>
      <object_component id="oc-32">
         <name>.debug_info</name>
         <load_address>0x1ce1</load_address>
         <run_address>0x1ce1</run_address>
         <size>0x2f4</size>
         <input_file_ref idref="fl-2"/>
      </object_component>
      <object_component id="oc-129">
         <name>.debug_info</name>
         <load_address>0x1fd5</load_address>
         <run_address>0x1fd5</run_address>
         <size>0x21e4</size>
         <input_file_ref idref="fl-2"/>
      </object_component>
      <object_component id="oc-231">
         <name>.debug_info</name>
         <load_address>0x41b9</load_address>
         <run_address>0x41b9</run_address>
         <size>0x4de</size>
         <input_file_ref idref="fl-2"/>
      </object_component>
      <object_component id="oc-1a6">
         <name>.debug_info</name>
         <load_address>0x4697</load_address>
         <run_address>0x4697</run_address>
         <size>0x26b</size>
         <input_file_ref idref="fl-2"/>
      </object_component>
      <object_component id="oc-1b8">
         <name>.debug_info</name>
         <load_address>0x4902</load_address>
         <run_address>0x4902</run_address>
         <size>0x8b</size>
         <input_file_ref idref="fl-2"/>
      </object_component>
      <object_component id="oc-29f">
         <name>.debug_info</name>
         <load_address>0x498d</load_address>
         <run_address>0x498d</run_address>
         <size>0x2a4</size>
         <input_file_ref idref="fl-2"/>
      </object_component>
      <object_component id="oc-16d">
         <name>.debug_info</name>
         <load_address>0x4c31</load_address>
         <run_address>0x4c31</run_address>
         <size>0xbb</size>
         <input_file_ref idref="fl-2"/>
      </object_component>
      <object_component id="oc-9a">
         <name>.debug_info</name>
         <load_address>0x4cec</load_address>
         <run_address>0x4cec</run_address>
         <size>0x17e</size>
         <input_file_ref idref="fl-3"/>
      </object_component>
      <object_component id="oc-28">
         <name>.debug_info</name>
         <load_address>0x4e6a</load_address>
         <run_address>0x4e6a</run_address>
         <size>0xef</size>
         <input_file_ref idref="fl-3"/>
      </object_component>
      <object_component id="oc-2b">
         <name>.debug_info</name>
         <load_address>0x4f59</load_address>
         <run_address>0x4f59</run_address>
         <size>0x118</size>
         <input_file_ref idref="fl-3"/>
      </object_component>
      <object_component id="oc-87">
         <name>.debug_info</name>
         <load_address>0x5071</load_address>
         <run_address>0x5071</run_address>
         <size>0x109</size>
         <input_file_ref idref="fl-3"/>
      </object_component>
      <object_component id="oc-8d">
         <name>.debug_info</name>
         <load_address>0x517a</load_address>
         <run_address>0x517a</run_address>
         <size>0x10d</size>
         <input_file_ref idref="fl-3"/>
      </object_component>
      <object_component id="oc-93">
         <name>.debug_info</name>
         <load_address>0x5287</load_address>
         <run_address>0x5287</run_address>
         <size>0x111</size>
         <input_file_ref idref="fl-3"/>
      </object_component>
      <object_component id="oc-51">
         <name>.debug_info</name>
         <load_address>0x5398</load_address>
         <run_address>0x5398</run_address>
         <size>0x84</size>
         <input_file_ref idref="fl-3"/>
      </object_component>
      <object_component id="oc-a9">
         <name>.debug_info</name>
         <load_address>0x541c</load_address>
         <run_address>0x541c</run_address>
         <size>0x42b</size>
         <input_file_ref idref="fl-a"/>
      </object_component>
      <object_component id="oc-ac">
         <name>.debug_info</name>
         <load_address>0x5847</load_address>
         <run_address>0x5847</run_address>
         <size>0x7d8</size>
         <input_file_ref idref="fl-a"/>
      </object_component>
      <object_component id="oc-af">
         <name>.debug_info</name>
         <load_address>0x601f</load_address>
         <run_address>0x601f</run_address>
         <size>0x2d9</size>
         <input_file_ref idref="fl-a"/>
      </object_component>
      <object_component id="oc-b5">
         <name>.debug_info</name>
         <load_address>0x62f8</load_address>
         <run_address>0x62f8</run_address>
         <size>0x256</size>
         <input_file_ref idref="fl-a"/>
      </object_component>
      <object_component id="oc-275">
         <name>.debug_info</name>
         <load_address>0x654e</load_address>
         <run_address>0x654e</run_address>
         <size>0x36d</size>
         <input_file_ref idref="fl-a"/>
      </object_component>
      <object_component id="oc-37">
         <name>.debug_info</name>
         <load_address>0x68bb</load_address>
         <run_address>0x68bb</run_address>
         <size>0x2c6</size>
         <input_file_ref idref="fl-a"/>
      </object_component>
      <object_component id="oc-3d">
         <name>.debug_info</name>
         <load_address>0x6b81</load_address>
         <run_address>0x6b81</run_address>
         <size>0x2c4</size>
         <input_file_ref idref="fl-a"/>
      </object_component>
      <object_component id="oc-43">
         <name>.debug_info</name>
         <load_address>0x6e45</load_address>
         <run_address>0x6e45</run_address>
         <size>0x7d3</size>
         <input_file_ref idref="fl-a"/>
      </object_component>
      <object_component id="oc-14f">
         <name>.debug_info</name>
         <load_address>0x7618</load_address>
         <run_address>0x7618</run_address>
         <size>0x23b</size>
         <input_file_ref idref="fl-a"/>
      </object_component>
      <object_component id="oc-155">
         <name>.debug_info</name>
         <load_address>0x7853</load_address>
         <run_address>0x7853</run_address>
         <size>0x24b</size>
         <input_file_ref idref="fl-a"/>
      </object_component>
      <object_component id="oc-bb">
         <name>.debug_info</name>
         <load_address>0x7a9e</load_address>
         <run_address>0x7a9e</run_address>
         <size>0x500</size>
         <input_file_ref idref="fl-a"/>
      </object_component>
      <object_component id="oc-1b2">
         <name>.debug_info</name>
         <load_address>0x7f9e</load_address>
         <run_address>0x7f9e</run_address>
         <size>0x33f</size>
         <input_file_ref idref="fl-a"/>
      </object_component>
      <object_component id="oc-9d">
         <name>.debug_info</name>
         <load_address>0x82dd</load_address>
         <run_address>0x82dd</run_address>
         <size>0x375</size>
         <input_file_ref idref="fl-a"/>
      </object_component>
      <object_component id="oc-137">
         <name>.debug_info</name>
         <load_address>0x8652</load_address>
         <run_address>0x8652</run_address>
         <size>0x2cb</size>
         <input_file_ref idref="fl-a"/>
      </object_component>
      <object_component id="oc-130">
         <name>.debug_info</name>
         <load_address>0x891d</load_address>
         <run_address>0x891d</run_address>
         <size>0x48b</size>
         <input_file_ref idref="fl-a"/>
      </object_component>
      <object_component id="oc-1d8">
         <name>.debug_info</name>
         <load_address>0x8da8</load_address>
         <run_address>0x8da8</run_address>
         <size>0x232</size>
         <input_file_ref idref="fl-a"/>
      </object_component>
      <object_component id="oc-1fe">
         <name>.debug_info</name>
         <load_address>0x8fda</load_address>
         <run_address>0x8fda</run_address>
         <size>0x302</size>
         <input_file_ref idref="fl-a"/>
      </object_component>
      <object_component id="oc-305">
         <name>.debug_info</name>
         <load_address>0x92dc</load_address>
         <run_address>0x92dc</run_address>
         <size>0x319</size>
         <input_file_ref idref="fl-a"/>
      </object_component>
      <object_component id="oc-31f">
         <name>.debug_info</name>
         <load_address>0x95f5</load_address>
         <run_address>0x95f5</run_address>
         <size>0x319</size>
         <input_file_ref idref="fl-a"/>
      </object_component>
      <object_component id="oc-204">
         <name>.debug_info</name>
         <load_address>0x990e</load_address>
         <run_address>0x990e</run_address>
         <size>0x25f</size>
         <input_file_ref idref="fl-a"/>
      </object_component>
      <object_component id="oc-1f8">
         <name>.debug_info</name>
         <load_address>0x9b6d</load_address>
         <run_address>0x9b6d</run_address>
         <size>0x2a2</size>
         <input_file_ref idref="fl-a"/>
      </object_component>
      <object_component id="oc-a3">
         <name>.debug_info</name>
         <load_address>0x9e0f</load_address>
         <run_address>0x9e0f</run_address>
         <size>0x2ae</size>
         <input_file_ref idref="fl-a"/>
      </object_component>
      <object_component id="oc-2f3">
         <name>.debug_info</name>
         <load_address>0xa0bd</load_address>
         <run_address>0xa0bd</run_address>
         <size>0x2be</size>
         <input_file_ref idref="fl-a"/>
      </object_component>
      <object_component id="oc-1ec">
         <name>.debug_info</name>
         <load_address>0xa37b</load_address>
         <run_address>0xa37b</run_address>
         <size>0x2be</size>
         <input_file_ref idref="fl-a"/>
      </object_component>
      <object_component id="oc-30d">
         <name>.debug_info</name>
         <load_address>0xa639</load_address>
         <run_address>0xa639</run_address>
         <size>0x2be</size>
         <input_file_ref idref="fl-a"/>
      </object_component>
      <object_component id="oc-13d">
         <name>.debug_info</name>
         <load_address>0xa8f7</load_address>
         <run_address>0xa8f7</run_address>
         <size>0x2be</size>
         <input_file_ref idref="fl-a"/>
      </object_component>
      <object_component id="oc-2f9">
         <name>.debug_info</name>
         <load_address>0xabb5</load_address>
         <run_address>0xabb5</run_address>
         <size>0x363</size>
         <input_file_ref idref="fl-a"/>
      </object_component>
      <object_component id="oc-325">
         <name>.debug_info</name>
         <load_address>0xaf18</load_address>
         <run_address>0xaf18</run_address>
         <size>0x273</size>
         <input_file_ref idref="fl-a"/>
      </object_component>
      <object_component id="oc-32b">
         <name>.debug_info</name>
         <load_address>0xb18b</load_address>
         <run_address>0xb18b</run_address>
         <size>0x27f</size>
         <input_file_ref idref="fl-a"/>
      </object_component>
      <object_component id="oc-313">
         <name>.debug_info</name>
         <load_address>0xb40a</load_address>
         <run_address>0xb40a</run_address>
         <size>0x343</size>
         <input_file_ref idref="fl-a"/>
      </object_component>
      <object_component id="oc-284">
         <name>.debug_info</name>
         <load_address>0xb74d</load_address>
         <run_address>0xb74d</run_address>
         <size>0x2a5</size>
         <input_file_ref idref="fl-a"/>
      </object_component>
      <object_component id="oc-2ff">
         <name>.debug_info</name>
         <load_address>0xb9f2</load_address>
         <run_address>0xb9f2</run_address>
         <size>0x2b8</size>
         <input_file_ref idref="fl-a"/>
      </object_component>
      <object_component id="oc-319">
         <name>.debug_info</name>
         <load_address>0xbcaa</load_address>
         <run_address>0xbcaa</run_address>
         <size>0x2b8</size>
         <input_file_ref idref="fl-a"/>
      </object_component>
      <object_component id="oc-20a">
         <name>.debug_info</name>
         <load_address>0xbf62</load_address>
         <run_address>0xbf62</run_address>
         <size>0x30d</size>
         <input_file_ref idref="fl-a"/>
      </object_component>
      <object_component id="oc-358">
         <name>.debug_info</name>
         <load_address>0xc26f</load_address>
         <run_address>0xc26f</run_address>
         <size>0x326</size>
         <input_file_ref idref="fl-a"/>
      </object_component>
      <object_component id="oc-1ac">
         <name>.debug_info</name>
         <load_address>0xc595</load_address>
         <run_address>0xc595</run_address>
         <size>0x28d</size>
         <input_file_ref idref="fl-a"/>
      </object_component>
      <object_component id="oc-27e">
         <name>.debug_info</name>
         <load_address>0xc822</load_address>
         <run_address>0xc822</run_address>
         <size>0x267</size>
         <input_file_ref idref="fl-a"/>
      </object_component>
      <object_component id="oc-28a">
         <name>.debug_info</name>
         <load_address>0xca89</load_address>
         <run_address>0xca89</run_address>
         <size>0x2ae</size>
         <input_file_ref idref="fl-a"/>
      </object_component>
      <object_component id="oc-1e6">
         <name>.debug_info</name>
         <load_address>0xcd37</load_address>
         <run_address>0xcd37</run_address>
         <size>0x340</size>
         <input_file_ref idref="fl-a"/>
      </object_component>
      <object_component id="oc-1f2">
         <name>.debug_info</name>
         <load_address>0xd077</load_address>
         <run_address>0xd077</run_address>
         <size>0x3c9</size>
         <input_file_ref idref="fl-a"/>
      </object_component>
      <object_component id="oc-109">
         <name>.debug_info</name>
         <load_address>0xd440</load_address>
         <run_address>0xd440</run_address>
         <size>0x21b</size>
         <input_file_ref idref="fl-a"/>
      </object_component>
      <object_component id="oc-10f">
         <name>.debug_info</name>
         <load_address>0xd65b</load_address>
         <run_address>0xd65b</run_address>
         <size>0x2a9</size>
         <input_file_ref idref="fl-a"/>
      </object_component>
      <object_component id="oc-115">
         <name>.debug_info</name>
         <load_address>0xd904</load_address>
         <run_address>0xd904</run_address>
         <size>0x2cc</size>
         <input_file_ref idref="fl-a"/>
      </object_component>
      <object_component id="oc-15b">
         <name>.debug_info</name>
         <load_address>0xdbd0</load_address>
         <run_address>0xdbd0</run_address>
         <size>0x2ca</size>
         <input_file_ref idref="fl-a"/>
      </object_component>
      <object_component id="oc-216">
         <name>.debug_info</name>
         <load_address>0xde9a</load_address>
         <run_address>0xde9a</run_address>
         <size>0x2f3</size>
         <input_file_ref idref="fl-a"/>
      </object_component>
      <object_component id="oc-21c">
         <name>.debug_info</name>
         <load_address>0xe18d</load_address>
         <run_address>0xe18d</run_address>
         <size>0x271</size>
         <input_file_ref idref="fl-a"/>
      </object_component>
      <object_component id="oc-298">
         <name>.debug_info</name>
         <load_address>0xe3fe</load_address>
         <run_address>0xe3fe</run_address>
         <size>0x25a</size>
         <input_file_ref idref="fl-a"/>
      </object_component>
      <object_component id="oc-161">
         <name>.debug_info</name>
         <load_address>0xe658</load_address>
         <run_address>0xe658</run_address>
         <size>0x293</size>
         <input_file_ref idref="fl-a"/>
      </object_component>
      <object_component id="oc-167">
         <name>.debug_info</name>
         <load_address>0xe8eb</load_address>
         <run_address>0xe8eb</run_address>
         <size>0x2c8</size>
         <input_file_ref idref="fl-a"/>
      </object_component>
      <object_component id="oc-1d2">
         <name>.debug_info</name>
         <load_address>0xebb3</load_address>
         <run_address>0xebb3</run_address>
         <size>0x30e</size>
         <input_file_ref idref="fl-a"/>
      </object_component>
      <object_component id="oc-210">
         <name>.debug_info</name>
         <load_address>0xeec1</load_address>
         <run_address>0xeec1</run_address>
         <size>0x267</size>
         <input_file_ref idref="fl-a"/>
      </object_component>
      <object_component id="oc-1e0">
         <name>.debug_info</name>
         <load_address>0xf128</load_address>
         <run_address>0xf128</run_address>
         <size>0x269</size>
         <input_file_ref idref="fl-a"/>
      </object_component>
      <object_component id="oc-149">
         <name>.debug_info</name>
         <load_address>0xf391</load_address>
         <run_address>0xf391</run_address>
         <size>0x23c</size>
         <input_file_ref idref="fl-a"/>
      </object_component>
      <object_component id="oc-143">
         <name>.debug_info</name>
         <load_address>0xf5cd</load_address>
         <run_address>0xf5cd</run_address>
         <size>0x29f</size>
         <input_file_ref idref="fl-a"/>
      </object_component>
      <object_component id="oc-1bd">
         <name>.debug_info</name>
         <load_address>0xf86c</load_address>
         <run_address>0xf86c</run_address>
         <size>0x21e4</size>
         <input_file_ref idref="fl-a"/>
      </object_component>
      <object_component id="oc-350">
         <name>.debug_info</name>
         <load_address>0x11a50</load_address>
         <run_address>0x11a50</run_address>
         <size>0x28c</size>
         <input_file_ref idref="fl-a"/>
      </object_component>
      <object_component id="oc-1ca">
         <name>.debug_info</name>
         <load_address>0x11cdc</load_address>
         <run_address>0x11cdc</run_address>
         <size>0x2c</size>
         <input_file_ref idref="fl-a"/>
      </object_component>
      <object_component id="oc-1c5">
         <name>.debug_info</name>
         <load_address>0x11d08</load_address>
         <run_address>0x11d08</run_address>
         <size>0x35</size>
         <input_file_ref idref="fl-a"/>
      </object_component>
      <object_component id="oc-22b">
         <name>.debug_info</name>
         <load_address>0x11d3d</load_address>
         <run_address>0x11d3d</run_address>
         <size>0x1b5</size>
         <input_file_ref idref="fl-b"/>
      </object_component>
      <object_component id="oc-ce">
         <name>.debug_info</name>
         <load_address>0x11ef2</load_address>
         <run_address>0x11ef2</run_address>
         <size>0x24a</size>
         <input_file_ref idref="fl-b"/>
      </object_component>
      <object_component id="oc-255">
         <name>.debug_info</name>
         <load_address>0x1213c</load_address>
         <run_address>0x1213c</run_address>
         <size>0x24c</size>
         <input_file_ref idref="fl-b"/>
      </object_component>
      <object_component id="oc-c7">
         <name>.debug_info</name>
         <load_address>0x12388</load_address>
         <run_address>0x12388</run_address>
         <size>0x2c2</size>
         <input_file_ref idref="fl-b"/>
      </object_component>
      <object_component id="oc-237">
         <name>.debug_info</name>
         <load_address>0x1264a</load_address>
         <run_address>0x1264a</run_address>
         <size>0x326</size>
         <input_file_ref idref="fl-c"/>
      </object_component>
      <object_component id="oc-33c">
         <name>.debug_info</name>
         <load_address>0x12970</load_address>
         <run_address>0x12970</run_address>
         <size>0x155</size>
         <input_file_ref idref="fl-c"/>
      </object_component>
      <object_component id="oc-33f">
         <name>.debug_info</name>
         <load_address>0x12ac5</load_address>
         <run_address>0x12ac5</run_address>
         <size>0x155</size>
         <input_file_ref idref="fl-c"/>
      </object_component>
      <object_component id="oc-342">
         <name>.debug_info</name>
         <load_address>0x12c1a</load_address>
         <run_address>0x12c1a</run_address>
         <size>0x155</size>
         <input_file_ref idref="fl-c"/>
      </object_component>
      <object_component id="oc-345">
         <name>.debug_info</name>
         <load_address>0x12d6f</load_address>
         <run_address>0x12d6f</run_address>
         <size>0x155</size>
         <input_file_ref idref="fl-c"/>
      </object_component>
      <object_component id="oc-22e">
         <name>.debug_info</name>
         <load_address>0x12ec4</load_address>
         <run_address>0x12ec4</run_address>
         <size>0x13d</size>
         <input_file_ref idref="fl-c"/>
      </object_component>
      <object_component id="oc-271">
         <name>.debug_info</name>
         <load_address>0x13001</load_address>
         <run_address>0x13001</run_address>
         <size>0x313</size>
         <input_file_ref idref="fl-c"/>
      </object_component>
      <object_component id="oc-db">
         <name>.debug_info</name>
         <load_address>0x13314</load_address>
         <run_address>0x13314</run_address>
         <size>0x2e1</size>
         <input_file_ref idref="fl-c"/>
      </object_component>
      <object_component id="oc-238">
         <name>.debug_info</name>
         <load_address>0x135f5</load_address>
         <run_address>0x135f5</run_address>
         <size>0x4cd</size>
         <input_file_ref idref="fl-c"/>
      </object_component>
      <object_component id="oc-fd">
         <name>.debug_info</name>
         <load_address>0x13ac2</load_address>
         <run_address>0x13ac2</run_address>
         <size>0x27e</size>
         <input_file_ref idref="fl-d"/>
      </object_component>
      <object_component id="oc-103">
         <name>.debug_info</name>
         <load_address>0x13d40</load_address>
         <run_address>0x13d40</run_address>
         <size>0x27b</size>
         <input_file_ref idref="fl-d"/>
      </object_component>
      <object_component id="oc-f7">
         <name>.debug_info</name>
         <load_address>0x13fbb</load_address>
         <run_address>0x13fbb</run_address>
         <size>0x27d</size>
         <input_file_ref idref="fl-d"/>
      </object_component>
      <object_component id="oc-f1">
         <name>.debug_info</name>
         <load_address>0x14238</load_address>
         <run_address>0x14238</run_address>
         <size>0x280</size>
         <input_file_ref idref="fl-d"/>
      </object_component>
      <object_component id="oc-262">
         <name>.debug_info</name>
         <load_address>0x144b8</load_address>
         <run_address>0x144b8</run_address>
         <size>0x297</size>
         <input_file_ref idref="fl-e"/>
      </object_component>
      <object_component id="oc-25b">
         <name>.debug_info</name>
         <load_address>0x1474f</load_address>
         <run_address>0x1474f</run_address>
         <size>0x27b</size>
         <input_file_ref idref="fl-e"/>
      </object_component>
      <object_component id="oc-18b">
         <name>.debug_info</name>
         <load_address>0x149ca</load_address>
         <run_address>0x149ca</run_address>
         <size>0x147</size>
         <input_file_ref idref="fl-cc"/>
      </object_component>
      <object_component id="oc-188">
         <name>.debug_info</name>
         <load_address>0x14b11</load_address>
         <run_address>0x14b11</run_address>
         <size>0x1a6</size>
         <input_file_ref idref="fl-cd"/>
      </object_component>
      <object_component id="oc-6c">
         <name>.debug_info</name>
         <load_address>0x14cb7</load_address>
         <run_address>0x14cb7</run_address>
         <size>0x1b5</size>
         <input_file_ref idref="fl-cd"/>
      </object_component>
      <object_component id="oc-183">
         <name>.debug_info</name>
         <load_address>0x14e6c</load_address>
         <run_address>0x14e6c</run_address>
         <size>0x46</size>
         <input_file_ref idref="fl-cd"/>
      </object_component>
      <object_component id="oc-61">
         <name>.debug_info</name>
         <load_address>0x14eb2</load_address>
         <run_address>0x14eb2</run_address>
         <size>0x17a</size>
         <input_file_ref idref="fl-ce"/>
      </object_component>
      <object_component id="oc-23">
         <name>.debug_info</name>
         <load_address>0x1502c</load_address>
         <run_address>0x1502c</run_address>
         <size>0x1ea</size>
         <input_file_ref idref="fl-ce"/>
      </object_component>
      <object_component id="oc-5c">
         <name>.debug_info</name>
         <load_address>0x15216</load_address>
         <run_address>0x15216</run_address>
         <size>0x46</size>
         <input_file_ref idref="fl-ce"/>
      </object_component>
      <object_component id="oc-17b">
         <name>.debug_info</name>
         <load_address>0x1525c</load_address>
         <run_address>0x1525c</run_address>
         <size>0x2c</size>
         <input_file_ref idref="fl-ce"/>
      </object_component>
      <object_component id="oc-179">
         <name>.debug_info</name>
         <load_address>0x15288</load_address>
         <run_address>0x15288</run_address>
         <size>0x170</size>
         <input_file_ref idref="fl-cf"/>
      </object_component>
      <object_component id="oc-1a">
         <name>.debug_info</name>
         <load_address>0x153f8</load_address>
         <run_address>0x153f8</run_address>
         <size>0x250</size>
         <input_file_ref idref="fl-cf"/>
      </object_component>
      <object_component id="oc-4c">
         <name>.debug_info</name>
         <load_address>0x15648</load_address>
         <run_address>0x15648</run_address>
         <size>0x60</size>
         <input_file_ref idref="fl-cf"/>
      </object_component>
      <object_component id="oc-2a4">
         <name>.debug_info</name>
         <load_address>0x156a8</load_address>
         <run_address>0x156a8</run_address>
         <size>0x46</size>
         <input_file_ref idref="fl-cf"/>
      </object_component>
      <object_component id="oc-174">
         <name>.debug_info</name>
         <load_address>0x156ee</load_address>
         <run_address>0x156ee</run_address>
         <size>0x39</size>
         <input_file_ref idref="fl-cf"/>
      </object_component>
      <object_component id="oc-49">
         <name>.debug_info</name>
         <load_address>0x15727</load_address>
         <run_address>0x15727</run_address>
         <size>0x10b</size>
         <input_file_ref idref="fl-d0"/>
      </object_component>
      <object_component id="oc-75">
         <name>.debug_info</name>
         <load_address>0x15832</load_address>
         <run_address>0x15832</run_address>
         <size>0x1a9</size>
         <input_file_ref idref="fl-d0"/>
      </object_component>
      <object_component id="oc-57">
         <name>.debug_info</name>
         <load_address>0x159db</load_address>
         <run_address>0x159db</run_address>
         <size>0x119</size>
         <input_file_ref idref="fl-d1"/>
      </object_component>
      <object_component id="oc-36d">
         <name>.debug_info</name>
         <load_address>0x15af4</load_address>
         <run_address>0x15af4</run_address>
         <size>0x385</size>
         <input_file_ref idref="fl-d2"/>
      </object_component>
      <object_component id="oc-2bc">
         <name>.debug_info</name>
         <load_address>0x15e79</load_address>
         <run_address>0x15e79</run_address>
         <size>0x1a6</size>
         <input_file_ref idref="fl-d2"/>
      </object_component>
      <object_component id="oc-3a5">
         <name>.debug_info</name>
         <load_address>0x1601f</load_address>
         <run_address>0x1601f</run_address>
         <size>0x39</size>
         <input_file_ref idref="fl-d2"/>
      </object_component>
      <object_component id="oc-3b9">
         <name>.debug_info</name>
         <load_address>0x16058</load_address>
         <run_address>0x16058</run_address>
         <size>0x39</size>
         <input_file_ref idref="fl-d2"/>
      </object_component>
      <object_component id="oc-3aa">
         <name>.debug_info</name>
         <load_address>0x16091</load_address>
         <run_address>0x16091</run_address>
         <size>0x39</size>
         <input_file_ref idref="fl-d2"/>
      </object_component>
      <object_component id="oc-3af">
         <name>.debug_info</name>
         <load_address>0x160ca</load_address>
         <run_address>0x160ca</run_address>
         <size>0xcd</size>
         <input_file_ref idref="fl-d2"/>
      </object_component>
      <object_component id="oc-193">
         <name>.debug_info</name>
         <load_address>0x16197</load_address>
         <run_address>0x16197</run_address>
         <size>0x153</size>
         <input_file_ref idref="fl-d3"/>
      </object_component>
      <object_component id="oc-2b1">
         <name>.debug_info</name>
         <load_address>0x162ea</load_address>
         <run_address>0x162ea</run_address>
         <size>0x122</size>
         <input_file_ref idref="fl-d5"/>
      </object_component>
      <object_component id="oc-3fe">
         <name>.debug_info</name>
         <load_address>0x1640c</load_address>
         <run_address>0x1640c</run_address>
         <size>0xac</size>
      </object_component>
      <object_component id="oc-26d">
         <name>.debug_line</name>
         <load_address>0x0</load_address>
         <run_address>0x0</run_address>
         <size>0x177</size>
         <input_file_ref idref="fl-2"/>
      </object_component>
      <object_component id="oc-27c">
         <name>.debug_line</name>
         <load_address>0x177</load_address>
         <run_address>0x177</run_address>
         <size>0x42</size>
         <input_file_ref idref="fl-2"/>
      </object_component>
      <object_component id="oc-228">
         <name>.debug_line</name>
         <load_address>0x1b9</load_address>
         <run_address>0x1b9</run_address>
         <size>0x80</size>
         <input_file_ref idref="fl-2"/>
      </object_component>
      <object_component id="oc-c4">
         <name>.debug_line</name>
         <load_address>0x239</load_address>
         <run_address>0x239</run_address>
         <size>0x86</size>
         <input_file_ref idref="fl-2"/>
      </object_component>
      <object_component id="oc-241">
         <name>.debug_line</name>
         <load_address>0x2bf</load_address>
         <run_address>0x2bf</run_address>
         <size>0x80</size>
         <input_file_ref idref="fl-2"/>
      </object_component>
      <object_component id="oc-d6">
         <name>.debug_line</name>
         <load_address>0x33f</load_address>
         <run_address>0x33f</run_address>
         <size>0x80</size>
         <input_file_ref idref="fl-2"/>
      </object_component>
      <object_component id="oc-ee">
         <name>.debug_line</name>
         <load_address>0x3bf</load_address>
         <run_address>0x3bf</run_address>
         <size>0x80</size>
         <input_file_ref idref="fl-2"/>
      </object_component>
      <object_component id="oc-247">
         <name>.debug_line</name>
         <load_address>0x43f</load_address>
         <run_address>0x43f</run_address>
         <size>0x83</size>
         <input_file_ref idref="fl-2"/>
      </object_component>
      <object_component id="oc-24a">
         <name>.debug_line</name>
         <load_address>0x4c2</load_address>
         <run_address>0x4c2</run_address>
         <size>0x83</size>
         <input_file_ref idref="fl-2"/>
      </object_component>
      <object_component id="oc-e2">
         <name>.debug_line</name>
         <load_address>0x545</load_address>
         <run_address>0x545</run_address>
         <size>0x83</size>
         <input_file_ref idref="fl-2"/>
      </object_component>
      <object_component id="oc-e8">
         <name>.debug_line</name>
         <load_address>0x5c8</load_address>
         <run_address>0x5c8</run_address>
         <size>0x80</size>
         <input_file_ref idref="fl-2"/>
      </object_component>
      <object_component id="oc-120">
         <name>.debug_line</name>
         <load_address>0x648</load_address>
         <run_address>0x648</run_address>
         <size>0x63</size>
         <input_file_ref idref="fl-2"/>
      </object_component>
      <object_component id="oc-35">
         <name>.debug_line</name>
         <load_address>0x6ab</load_address>
         <run_address>0x6ab</run_address>
         <size>0x89</size>
         <input_file_ref idref="fl-2"/>
      </object_component>
      <object_component id="oc-12c">
         <name>.debug_line</name>
         <load_address>0x734</load_address>
         <run_address>0x734</run_address>
         <size>0x6d</size>
         <input_file_ref idref="fl-2"/>
      </object_component>
      <object_component id="oc-234">
         <name>.debug_line</name>
         <load_address>0x7a1</load_address>
         <run_address>0x7a1</run_address>
         <size>0x68</size>
         <input_file_ref idref="fl-2"/>
      </object_component>
      <object_component id="oc-1a9">
         <name>.debug_line</name>
         <load_address>0x809</load_address>
         <run_address>0x809</run_address>
         <size>0x6f</size>
         <input_file_ref idref="fl-2"/>
      </object_component>
      <object_component id="oc-1bb">
         <name>.debug_line</name>
         <load_address>0x878</load_address>
         <run_address>0x878</run_address>
         <size>0x20</size>
         <input_file_ref idref="fl-2"/>
      </object_component>
      <object_component id="oc-2a2">
         <name>.debug_line</name>
         <load_address>0x898</load_address>
         <run_address>0x898</run_address>
         <size>0x73</size>
         <input_file_ref idref="fl-2"/>
      </object_component>
      <object_component id="oc-170">
         <name>.debug_line</name>
         <load_address>0x90b</load_address>
         <run_address>0x90b</run_address>
         <size>0x70</size>
         <input_file_ref idref="fl-2"/>
      </object_component>
      <object_component id="oc-1a5">
         <name>.debug_line</name>
         <load_address>0x97b</load_address>
         <run_address>0x97b</run_address>
         <size>0x33</size>
         <input_file_ref idref="fl-3"/>
      </object_component>
      <object_component id="oc-99">
         <name>.debug_line</name>
         <load_address>0x9ae</load_address>
         <run_address>0x9ae</run_address>
         <size>0x33</size>
         <input_file_ref idref="fl-3"/>
      </object_component>
      <object_component id="oc-2f">
         <name>.debug_line</name>
         <load_address>0x9e1</load_address>
         <run_address>0x9e1</run_address>
         <size>0x4b</size>
         <input_file_ref idref="fl-3"/>
      </object_component>
      <object_component id="oc-8a">
         <name>.debug_line</name>
         <load_address>0xa2c</load_address>
         <run_address>0xa2c</run_address>
         <size>0x48</size>
         <input_file_ref idref="fl-3"/>
      </object_component>
      <object_component id="oc-90">
         <name>.debug_line</name>
         <load_address>0xa74</load_address>
         <run_address>0xa74</run_address>
         <size>0x48</size>
         <input_file_ref idref="fl-3"/>
      </object_component>
      <object_component id="oc-97">
         <name>.debug_line</name>
         <load_address>0xabc</load_address>
         <run_address>0xabc</run_address>
         <size>0x48</size>
         <input_file_ref idref="fl-3"/>
      </object_component>
      <object_component id="oc-54">
         <name>.debug_line</name>
         <load_address>0xb04</load_address>
         <run_address>0xb04</run_address>
         <size>0x20</size>
         <input_file_ref idref="fl-3"/>
      </object_component>
      <object_component id="oc-1c4">
         <name>.debug_line</name>
         <load_address>0xb24</load_address>
         <run_address>0xb24</run_address>
         <size>0xc2</size>
         <input_file_ref idref="fl-a"/>
      </object_component>
      <object_component id="oc-1d0">
         <name>.debug_line</name>
         <load_address>0xbe6</load_address>
         <run_address>0xbe6</run_address>
         <size>0x75</size>
         <input_file_ref idref="fl-a"/>
      </object_component>
      <object_component id="oc-b2">
         <name>.debug_line</name>
         <load_address>0xc5b</load_address>
         <run_address>0xc5b</run_address>
         <size>0xb8</size>
         <input_file_ref idref="fl-a"/>
      </object_component>
      <object_component id="oc-b8">
         <name>.debug_line</name>
         <load_address>0xd13</load_address>
         <run_address>0xd13</run_address>
         <size>0xe4</size>
         <input_file_ref idref="fl-a"/>
      </object_component>
      <object_component id="oc-278">
         <name>.debug_line</name>
         <load_address>0xdf7</load_address>
         <run_address>0xdf7</run_address>
         <size>0xda</size>
         <input_file_ref idref="fl-a"/>
      </object_component>
      <object_component id="oc-3a">
         <name>.debug_line</name>
         <load_address>0xed1</load_address>
         <run_address>0xed1</run_address>
         <size>0x9f</size>
         <input_file_ref idref="fl-a"/>
      </object_component>
      <object_component id="oc-40">
         <name>.debug_line</name>
         <load_address>0xf70</load_address>
         <run_address>0xf70</run_address>
         <size>0x9d</size>
         <input_file_ref idref="fl-a"/>
      </object_component>
      <object_component id="oc-46">
         <name>.debug_line</name>
         <load_address>0x100d</load_address>
         <run_address>0x100d</run_address>
         <size>0x181</size>
         <input_file_ref idref="fl-a"/>
      </object_component>
      <object_component id="oc-152">
         <name>.debug_line</name>
         <load_address>0x118e</load_address>
         <run_address>0x118e</run_address>
         <size>0x94</size>
         <input_file_ref idref="fl-a"/>
      </object_component>
      <object_component id="oc-158">
         <name>.debug_line</name>
         <load_address>0x1222</load_address>
         <run_address>0x1222</run_address>
         <size>0x94</size>
         <input_file_ref idref="fl-a"/>
      </object_component>
      <object_component id="oc-be">
         <name>.debug_line</name>
         <load_address>0x12b6</load_address>
         <run_address>0x12b6</run_address>
         <size>0xde</size>
         <input_file_ref idref="fl-a"/>
      </object_component>
      <object_component id="oc-1b5">
         <name>.debug_line</name>
         <load_address>0x1394</load_address>
         <run_address>0x1394</run_address>
         <size>0x148</size>
         <input_file_ref idref="fl-a"/>
      </object_component>
      <object_component id="oc-a0">
         <name>.debug_line</name>
         <load_address>0x14dc</load_address>
         <run_address>0x14dc</run_address>
         <size>0xcd</size>
         <input_file_ref idref="fl-a"/>
      </object_component>
      <object_component id="oc-13a">
         <name>.debug_line</name>
         <load_address>0x15a9</load_address>
         <run_address>0x15a9</run_address>
         <size>0xb7</size>
         <input_file_ref idref="fl-a"/>
      </object_component>
      <object_component id="oc-133">
         <name>.debug_line</name>
         <load_address>0x1660</load_address>
         <run_address>0x1660</run_address>
         <size>0x114</size>
         <input_file_ref idref="fl-a"/>
      </object_component>
      <object_component id="oc-1db">
         <name>.debug_line</name>
         <load_address>0x1774</load_address>
         <run_address>0x1774</run_address>
         <size>0x91</size>
         <input_file_ref idref="fl-a"/>
      </object_component>
      <object_component id="oc-201">
         <name>.debug_line</name>
         <load_address>0x1805</load_address>
         <run_address>0x1805</run_address>
         <size>0x8d</size>
         <input_file_ref idref="fl-a"/>
      </object_component>
      <object_component id="oc-308">
         <name>.debug_line</name>
         <load_address>0x1892</load_address>
         <run_address>0x1892</run_address>
         <size>0x8d</size>
         <input_file_ref idref="fl-a"/>
      </object_component>
      <object_component id="oc-322">
         <name>.debug_line</name>
         <load_address>0x191f</load_address>
         <run_address>0x191f</run_address>
         <size>0x8d</size>
[...]
         <name>Ethernet_rxBuffer</name>
         <value>0x2000c000</value>
      </symbol>
      <symbol id="sm-ed">
         <name>emac_handle</name>
         <value>0x2000caf0</value>
      </symbol>
      <symbol id="sm-ee">
         <name>pktDesc</name>
         <value>0x2000caa8</value>
      </symbol>
      <symbol id="sm-ef">
         <name>main</name>
         <value>0x20001905</value>
         <object_component_ref idref="oc-31"/>
      </symbol>
      <symbol id="sm-f0">
         <name>status</name>
         <value>0x2000cb50</value>
         <object_component_ref idref="oc-125"/>
      </symbol>
      <symbol id="sm-f1">
         <name>IPC_ISR0</name>
         <value>0x200026a9</value>
         <object_component_ref idref="oc-11f"/>
      </symbol>
      <symbol id="sm-128">
         <name>vectorTableRAM</name>
         <value>0x20000c00</value>
         <object_component_ref idref="oc-27"/>
      </symbol>
      <symbol id="sm-40d">
         <name>Ethernet_device_struct</name>
         <value>0x2000c604</value>
      </symbol>
      <symbol id="sm-40e">
         <name>Ethernet_pktDescriptorRX</name>
         <value>0x2000ca60</value>
      </symbol>
      <symbol id="sm-40f">
         <name>Ethernet_descArray</name>
         <value>0x2000c860</value>
      </symbol>
      <symbol id="sm-410">
         <name>Ethernet_rxChan0BufUnavail</name>
         <value>0x2000cb44</value>
         <object_component_ref idref="oc-ab"/>
      </symbol>
      <symbol id="sm-411">
         <name>Ethernet_rxChan1BufUnavail</name>
         <value>0x2000cb4c</value>
         <object_component_ref idref="oc-ab"/>
      </symbol>
      <symbol id="sm-412">
         <name>Ethernet_numTxPktFreeCallback</name>
         <value>0x2000caf4</value>
         <object_component_ref idref="oc-ab"/>
      </symbol>
      <symbol id="sm-413">
         <name>Ethernet_writeTxDMAControl</name>
         <value>0x20002019</value>
         <object_component_ref idref="oc-2f8"/>
      </symbol>
      <symbol id="sm-414">
         <name>Ethernet_getPHYMode</name>
         <value>0x20002da3</value>
         <object_component_ref idref="oc-297"/>
      </symbol>
      <symbol id="sm-415">
         <name>Ethernet_writeTxDescTailPointer</name>
         <value>0x20002e39</value>
         <object_component_ref idref="oc-1eb"/>
      </symbol>
      <symbol id="sm-416">
         <name>Ethernet_setMTLRxQueueOpMode</name>
         <value>0x20002b09</value>
         <object_component_ref idref="oc-31e"/>
      </symbol>
      <symbol id="sm-417">
         <name>Ethernet_transmitISR</name>
         <value>0x200025c9</value>
         <object_component_ref idref="oc-30"/>
      </symbol>
      <symbol id="sm-418">
         <name>Ethernet_setMTLOpmode</name>
         <value>0x20002dc1</value>
         <object_component_ref idref="oc-1fd"/>
      </symbol>
      <symbol id="sm-419">
         <name>Ethernet_writeTxDescListAddress</name>
         <value>0x20002e1b</value>
         <object_component_ref idref="oc-2f2"/>
      </symbol>
      <symbol id="sm-41a">
         <name>Ethernet_writePHYRegister</name>
         <value>0x20000b45</value>
         <object_component_ref idref="oc-166"/>
      </symbol>
      <symbol id="sm-41b">
         <name>Ethernet_removePacketsFromTxQueue</name>
         <value>0x20001bbd</value>
         <object_component_ref idref="oc-9c"/>
      </symbol>
      <symbol id="sm-41c">
         <name>Ethernet_rwakeupPktReceivedCount</name>
         <value>0x2000cb3c</value>
         <object_component_ref idref="oc-ab"/>
      </symbol>
      <symbol id="sm-41d">
         <name>Ethernet_isTimestampIntActive</name>
         <value>0x20002ab1</value>
         <object_component_ref idref="oc-14e"/>
      </symbol>
      <symbol id="sm-41e">
         <name>Ethernet_setMACConfiguration</name>
         <value>0x20002ee5</value>
         <object_component_ref idref="oc-1df"/>
      </symbol>
      <symbol id="sm-41f">
         <name>Ethernet_genericRxCompletionInterruptCount</name>
         <value>0x2000cb18</value>
         <object_component_ref idref="oc-ab"/>
      </symbol>
      <symbol id="sm-420">
         <name>Ethernet_numGetPacketBufferCallback</name>
         <value>0x2000cafc</value>
         <object_component_ref idref="oc-ab"/>
      </symbol>
      <symbol id="sm-421">
         <name>Ethernet_initInterface</name>
         <value>0x20001f1d</value>
         <object_component_ref idref="oc-ae"/>
      </symbol>
      <symbol id="sm-422">
         <name>Ethernet_receivePacketCallback</name>
         <value>0x20002e59</value>
         <object_component_ref idref="oc-114"/>
      </symbol>
      <symbol id="sm-423">
         <name>Ethernet_receiveISR</name>
         <value>0x20002559</value>
         <object_component_ref idref="oc-3c"/>
      </symbol>
      <symbol id="sm-424">
         <name>Ethernet_sendPacket</name>
         <value>0x20001e15</value>
         <object_component_ref idref="oc-274"/>
      </symbol>
      <symbol id="sm-425">
         <name>Ethernet_isTransmitTimestampStatusSet</name>
         <value>0x20002add</value>
         <object_component_ref idref="oc-154"/>
      </symbol>
      <symbol id="sm-426">
         <name>Ethernet_rxReplacementFailedCount</name>
         <value>0x2000cb20</value>
         <object_component_ref idref="oc-ab"/>
      </symbol>
      <symbol id="sm-427">
         <name>Ethernet_setTxDescRingLength</name>
         <value>0x20002c65</value>
         <object_component_ref idref="oc-2fe"/>
      </symbol>
      <symbol id="sm-428">
         <name>Ethernet_readPHYRegister</name>
         <value>0x200024e7</value>
         <object_component_ref idref="oc-160"/>
      </symbol>
      <symbol id="sm-429">
         <name>Ethernet_initRxChannel</name>
         <value>0x20001a81</value>
         <object_component_ref idref="oc-1f1"/>
      </symbol>
      <symbol id="sm-42a">
         <name>Ethernet_setDMAMode</name>
         <value>0x20002ecf</value>
         <object_component_ref idref="oc-203"/>
      </symbol>
      <symbol id="sm-42b">
         <name>Ethernet_addPacketsIntoRxQueue</name>
         <value>0x200022e5</value>
         <object_component_ref idref="oc-136"/>
      </symbol>
      <symbol id="sm-42c">
         <name>Ethernet_releaseTxPacketBuffer</name>
         <value>0x20002e71</value>
         <object_component_ref idref="oc-10e"/>
      </symbol>
      <symbol id="sm-42d">
         <name>Ethernet_genericISR</name>
         <value>0x20000d41</value>
         <object_component_ref idref="oc-42"/>
      </symbol>
      <symbol id="sm-42e">
         <name>Ethernet_configureRevMIIAddress</name>
         <value>0x20002ba7</value>
         <object_component_ref idref="oc-1d1"/>
      </symbol>
      <symbol id="sm-42f">
         <name>Ethernet_clearDMAChannelInterrupt</name>
         <value>0x20002d85</value>
         <object_component_ref idref="oc-a2"/>
      </symbol>
      <symbol id="sm-430">
         <name>Ethernet_genericInterruptCount</name>
         <value>0x2000cb0c</value>
         <object_component_ref idref="oc-ab"/>
      </symbol>
      <symbol id="sm-431">
         <name>Ethernet_eeeTxLPIEntryCount</name>
         <value>0x2000cb24</value>
         <object_component_ref idref="oc-ab"/>
      </symbol>
      <symbol id="sm-432">
         <name>Ethernet_eeeRxLPIEntryCount</name>
         <value>0x2000cb2c</value>
         <object_component_ref idref="oc-ab"/>
      </symbol>
      <symbol id="sm-433">
         <name>Ethernet_getInitConfig</name>
         <value>0x20001501</value>
         <object_component_ref idref="oc-b4"/>
      </symbol>
      <symbol id="sm-434">
         <name>Ethernet_setRxDescRingLength</name>
         <value>0x20002c3f</value>
         <object_component_ref idref="oc-318"/>
      </symbol>
      <symbol id="sm-435">
         <name>Ethernet_phyLinkStatusChangeInterruptCount</name>
         <value>0x2000cb1c</value>
         <object_component_ref idref="oc-ab"/>
      </symbol>
      <symbol id="sm-436">
         <name>Ethernet_rxInterruptCount</name>
         <value>0x2000cb04</value>
         <object_component_ref idref="oc-ab"/>
      </symbol>
      <symbol id="sm-437">
         <name>Ethernet_resetModule</name>
         <value>0x20002d65</value>
         <object_component_ref idref="oc-1d7"/>
      </symbol>
      <symbol id="sm-438">
         <name>Ethernet_removePacketsFromRxQueue</name>
         <value>0x20001235</value>
         <object_component_ref idref="oc-12f"/>
      </symbol>
      <symbol id="sm-439">
         <name>Ethernet_setMTLTxQueueOpMode</name>
         <value>0x20002a81</value>
         <object_component_ref idref="oc-304"/>
      </symbol>
      <symbol id="sm-43a">
         <name>Ethernet_configureEEEClockGatingControl</name>
         <value>0x20002a21</value>
         <object_component_ref idref="oc-142"/>
      </symbol>
      <symbol id="sm-43b">
         <name>Ethernet_addPacketsIntoTxQueue</name>
         <value>0x20000809</value>
         <object_component_ref idref="oc-1b1"/>
      </symbol>
      <symbol id="sm-43c">
         <name>Ethernet_enableDmaInterrupt</name>
         <value>0x20002c8b</value>
         <object_component_ref idref="oc-1f7"/>
      </symbol>
      <symbol id="sm-43d">
         <name>Ethernet_txChan0BufUnavail</name>
         <value>0x2000cb40</value>
         <object_component_ref idref="oc-ab"/>
      </symbol>
      <symbol id="sm-43e">
         <name>Ethernet_earlyTxInterruptCount</name>
         <value>0x2000cb14</value>
         <object_component_ref idref="oc-ab"/>
      </symbol>
      <symbol id="sm-43f">
         <name>Ethernet_txChan1BufUnavail</name>
         <value>0x2000cb48</value>
         <object_component_ref idref="oc-ab"/>
      </symbol>
      <symbol id="sm-440">
         <name>Ethernet_magicPktReceivedCount</name>
         <value>0x2000cb38</value>
         <object_component_ref idref="oc-ab"/>
      </symbol>
      <symbol id="sm-441">
         <name>Ethernet_configurePHYAddress</name>
         <value>0x20000be1</value>
         <object_component_ref idref="oc-21b"/>
      </symbol>
      <symbol id="sm-442">
         <name>Ethernet_rxContextTimeStamp</name>
         <value>0x2000cb08</value>
         <object_component_ref idref="oc-ab"/>
      </symbol>
      <symbol id="sm-443">
         <name>Ethernet_writeRxDescListAddress</name>
         <value>0x20002ddf</value>
         <object_component_ref idref="oc-30c"/>
      </symbol>
      <symbol id="sm-444">
         <name>Ethernet_getOneStepTransmitTimestampPTP</name>
         <value>0x20002a51</value>
         <object_component_ref idref="oc-15a"/>
      </symbol>
      <symbol id="sm-445">
         <name>Ethernet_numRxCallback</name>
         <value>0x2000caf8</value>
         <object_component_ref idref="oc-ab"/>
      </symbol>
      <symbol id="sm-446">
         <name>Ethernet_setMACPacketFilter</name>
         <value>0x20002e89</value>
         <object_component_ref idref="oc-20f"/>
      </symbol>
      <symbol id="sm-447">
         <name>Ethernet_pmtInterruptCount</name>
         <value>0x2000cb34</value>
         <object_component_ref idref="oc-ab"/>
      </symbol>
      <symbol id="sm-448">
         <name>Ethernet_getHandle</name>
         <value>0x20001749</value>
         <object_component_ref idref="oc-ba"/>
      </symbol>
      <symbol id="sm-449">
         <name>Ethernet_getRxERICount</name>
         <value>0x20002bf3</value>
         <object_component_ref idref="oc-283"/>
      </symbol>
      <symbol id="sm-44a">
         <name>Ethernet_enableRxDMAReception</name>
         <value>0x20002bcd</value>
         <object_component_ref idref="oc-32a"/>
      </symbol>
      <symbol id="sm-44b">
         <name>Ethernet_earlyRxInterruptCount</name>
         <value>0x2000cb10</value>
         <object_component_ref idref="oc-ab"/>
      </symbol>
      <symbol id="sm-44c">
         <name>Ethernet_enableMACRxQ</name>
         <value>0x200029bd</value>
         <object_component_ref idref="oc-324"/>
      </symbol>
      <symbol id="sm-44d">
         <name>Ethernet_configureMDIO</name>
         <value>0x20002b81</value>
         <object_component_ref idref="oc-215"/>
      </symbol>
      <symbol id="sm-44e">
         <name>Ethernet_writeRxDescTailPointer</name>
         <value>0x20002dfd</value>
         <object_component_ref idref="oc-13c"/>
      </symbol>
      <symbol id="sm-44f">
         <name>Ethernet_writeRxDMAControl</name>
         <value>0x2000224d</value>
         <object_component_ref idref="oc-312"/>
      </symbol>
      <symbol id="sm-450">
         <name>Ethernet_eeeRxLPIExitCount</name>
         <value>0x2000cb30</value>
         <object_component_ref idref="oc-ab"/>
      </symbol>
      <symbol id="sm-451">
         <name>Ethernet_setMACAddr</name>
         <value>0x20002943</value>
         <object_component_ref idref="oc-209"/>
      </symbol>
      <symbol id="sm-452">
         <name>Ethernet_getPacketBuffer</name>
         <value>0x2000277d</value>
         <object_component_ref idref="oc-108"/>
      </symbol>
      <symbol id="sm-453">
         <name>Ethernet_txInterruptCount</name>
         <value>0x2000cb00</value>
         <object_component_ref idref="oc-ab"/>
      </symbol>
      <symbol id="sm-454">
         <name>Ethernet_disableTxEEEMode</name>
         <value>0x20002eb9</value>
         <object_component_ref idref="oc-148"/>
      </symbol>
      <symbol id="sm-455">
         <name>Ethernet_eeeTxLPIExitCount</name>
         <value>0x2000cb28</value>
         <object_component_ref idref="oc-ab"/>
      </symbol>
      <symbol id="sm-48a">
         <name>Interrupt_disable</name>
         <value>0x2000236d</value>
         <object_component_ref idref="oc-252"/>
      </symbol>
      <symbol id="sm-48b">
         <name>Interrupt_enable</name>
         <value>0x200023ed</value>
         <object_component_ref idref="oc-cc"/>
      </symbol>
      <symbol id="sm-48c">
         <name>Interrupt_registerHandler</name>
         <value>0x200027dd</value>
         <object_component_ref idref="oc-c6"/>
      </symbol>
      <symbol id="sm-4ca">
         <name>IPC_CM_To_CPU2_PutBuffer</name>
         <value>0x20086000</value>
         <object_component_ref idref="oc-341"/>
      </symbol>
      <symbol id="sm-4cb">
         <name>IPC_registerInterrupt</name>
         <value>0x20002981</value>
         <object_component_ref idref="oc-d8"/>
      </symbol>
      <symbol id="sm-4cc">
         <name>IPC_CM_To_CPU1_PutBuffer</name>
         <value>0x20082000</value>
         <object_component_ref idref="oc-33b"/>
      </symbol>
      <symbol id="sm-4cd">
         <name>IPC_Instance</name>
         <value>0x1fffc200</value>
         <object_component_ref idref="oc-22d"/>
      </symbol>
      <symbol id="sm-4ce">
         <name>IPC_CM_To_CPU2_GetBuffer</name>
         <value>0x20084000</value>
         <object_component_ref idref="oc-344"/>
      </symbol>
      <symbol id="sm-4cf">
         <name>IPC_CM_To_CPU1_GetBuffer</name>
         <value>0x20080000</value>
         <object_component_ref idref="oc-33e"/>
      </symbol>
      <symbol id="sm-4d0">
         <name>IPC_readCommand</name>
         <value>0x200020f1</value>
         <object_component_ref idref="oc-26e"/>
      </symbol>
      <symbol id="sm-4f2">
         <name>Platform_disableInterrupt</name>
         <value>0x20002f33</value>
         <object_component_ref idref="oc-f0"/>
      </symbol>
      <symbol id="sm-4f3">
         <name>Platform_enableInterrupt</name>
         <value>0x20002f3f</value>
         <object_component_ref idref="oc-f6"/>
      </symbol>
      <symbol id="sm-4f4">
         <name>Platform_enablePeripheral</name>
         <value>0x20002f09</value>
         <object_component_ref idref="oc-fc"/>
      </symbol>
      <symbol id="sm-4f5">
         <name>Platform_resetPeripheral</name>
         <value>0x20002f17</value>
         <object_component_ref idref="oc-102"/>
      </symbol>
      <symbol id="sm-50d">
         <name>SysCtl_enablePeripheral</name>
         <value>0x20002839</value>
         <object_component_ref idref="oc-25a"/>
      </symbol>
      <symbol id="sm-50e">
         <name>SysCtl_resetPeripheral</name>
         <value>0x20002639</value>
         <object_component_ref idref="oc-261"/>
      </symbol>
      <symbol id="sm-525">
         <name>__aeabi_memset</name>
         <value>0x2000246f</value>
         <object_component_ref idref="oc-189"/>
      </symbol>
      <symbol id="sm-526">
         <name>memset</name>
         <value>0x20002475</value>
         <object_component_ref idref="oc-189"/>
      </symbol>
      <symbol id="sm-527">
         <name>__aeabi_memset8</name>
         <value>0x2000246f</value>
         <object_component_ref idref="oc-189"/>
      </symbol>
      <symbol id="sm-528">
         <name>__aeabi_memset4</name>
         <value>0x2000246f</value>
         <object_component_ref idref="oc-189"/>
      </symbol>
      <symbol id="sm-529">
         <name>__aeabi_memclr8</name>
         <value>0x2000246d</value>
         <object_component_ref idref="oc-189"/>
      </symbol>
      <symbol id="sm-52a">
         <name>__aeabi_memclr4</name>
         <value>0x2000246d</value>
         <object_component_ref idref="oc-189"/>
      </symbol>
      <symbol id="sm-52b">
         <name>__aeabi_memclr</name>
         <value>0x2000246d</value>
         <object_component_ref idref="oc-189"/>
      </symbol>
      <symbol id="sm-53d">
         <name>__TI_zero_init</name>
         <value>0x20002f4b</value>
         <object_component_ref idref="oc-68"/>
      </symbol>
      <symbol id="sm-554">
         <name>__TI_decompress_none</name>
         <value>0x20002f25</value>
         <object_component_ref idref="oc-1f"/>
      </symbol>
      <symbol id="sm-577">
         <name>__TI_decompress_lzss</name>
         <value>0x20002715</value>
         <object_component_ref idref="oc-19"/>
      </symbol>
      <symbol id="sm-589">
         <name>__stack</name>
         <value>0x1fffc000</value>
         <object_component_ref idref="oc-48"/>
      </symbol>
      <symbol id="sm-58a">
         <name>_c_int00_noargs</name>
         <value>0x20002d41</value>
         <object_component_ref idref="oc-74"/>
      </symbol>
      <symbol id="sm-5a5">
         <name>memcpy</name>
         <value>0x200021b1</value>
         <object_component_ref idref="oc-56"/>
      </symbol>
      <symbol id="sm-5a6">
         <name>__aeabi_memcpy</name>
         <value>0x200021b1</value>
         <object_component_ref idref="oc-56"/>
      </symbol>
      <symbol id="sm-5a7">
         <name>__aeabi_memcpy8</name>
         <value>0x200021b1</value>
         <object_component_ref idref="oc-56"/>
      </symbol>
      <symbol id="sm-5a8">
         <name>__aeabi_memcpy4</name>
         <value>0x200021b1</value>
         <object_component_ref idref="oc-56"/>
      </symbol>
      <symbol id="sm-5d0">
         <name>__TI_auto_init_nobinit_nopinit</name>
         <value>0x20002881</value>
         <object_component_ref idref="oc-2bb"/>
      </symbol>
      <symbol id="sm-5da">
         <name>_system_pre_init</name>
         <value>0x20002f5f</value>
         <object_component_ref idref="oc-18f"/>
      </symbol>
      <symbol id="sm-5e6">
         <name>C$$EXIT</name>
         <value>0x20002f63</value>
         <object_component_ref idref="oc-2af"/>
      </symbol>
      <symbol id="sm-5e7">
         <name>abort</name>
         <value>0x20002f63</value>
         <object_component_ref idref="oc-2af"/>
      </symbol>
      <symbol id="sm-5ea">
         <name>__TI_static_base__</name>
         <value>0x1fffe000</value>
      </symbol>
      <symbol id="sm-5ed">
         <name>__mpu_init</name>
         <value>0x0</value>
      </symbol>
      <symbol id="sm-5ee">
         <name>_system_post_cinit</name>
         <value>0x0</value>
      </symbol>
   </symbol_table>
   <title>Link successful</title>
</link_info>
