<?xml version="1.0" encoding="ISO-8859-1" ?>
<link_info>
   <banner>TI ARM Linker PC v20.2.7.LTS</banner>
   <copyright>Copyright (c) 1996-2018 Texas Instruments Incorporated</copyright>
   <link_time>0x64b6d6f7</link_time>
   <link_errors>0x0</link_errors>
   <output_file>ethernet_ipc_ex1_basic_cm_superloop.out</output_file>
   <entry_point>
      <name>_c_int00_noargs</name>
      <address>0x20000bc9</address>
   </entry_point>
   <input_file_list>
      <input_file id="fl-2">
         <path>.\</path>
         <kind>object</kind>
         <file>ethernet_ipc_ex1_basic_cm.obj</file>
         <name>ethernet_ipc_ex1_basic_cm.obj</name>
      </input_file>
      <input_file id="fl-3">
         <path>.\</path>
         <kind>object</kind>
         <file>startup_cm.obj</file>
         <name>startup_cm.obj</name>
      </input_file>
      <input_file id="fl-4">
         <path>.\device\</path>
         <kind>object</kind>
         <file>cm.obj</file>
         <name>cm.obj</name>
      </input_file>
      <input_file id="fl-5">
         <path>.\device\</path>
         <kind>object</kind>
         <file>ethernet.obj</file>
         <name>ethernet.obj</name>
      </input_file>
      <input_file id="fl-a">
         <kind>object</kind>
         <file>&lt;internal&gt;</file>
         <name>&lt;internal&gt;</name>
      </input_file>
      <input_file id="fl-b">
         <path>C:\ti\c2000\C2000Ware_4_02_00_00\driverlib\f2838x\driverlib_cm\ccs\Debug\</path>
         <kind>archive</kind>
         <file>driverlib_cm.lib</file>
         <name>interrupt.obj</name>
      </input_file>
      <input_file id="fl-c">
         <path>C:\ti\c2000\C2000Ware_4_02_00_00\driverlib\f2838x\driverlib_cm\ccs\Debug\</path>
         <kind>archive</kind>
         <file>driverlib_cm.lib</file>
         <name>platform_port.obj</name>
      </input_file>
      <input_file id="fl-d">
         <path>C:\ti\c2000\C2000Ware_4_02_00_00\driverlib\f2838x\driverlib_cm\ccs\Debug\</path>
         <kind>archive</kind>
         <file>driverlib_cm.lib</file>
         <name>sysctl.obj</name>
      </input_file>
      <input_file id="fl-c3">
         <path>C:\ti\ccs1220\ccs\tools\compiler\ti-cgt-arm_20.2.7.LTS\lib\</path>
         <kind>archive</kind>
         <file>rtsv7M4_T_le_eabi.lib</file>
         <name>fs_add_t2.asm.obj</name>
      </input_file>
      <input_file id="fl-c4">
         <path>C:\ti\ccs1220\ccs\tools\compiler\ti-cgt-arm_20.2.7.LTS\lib\</path>
         <kind>archive</kind>
         <file>rtsv7M4_T_le_eabi.lib</file>
         <name>fs_cmp_t2.asm.obj</name>
      </input_file>
      <input_file id="fl-c5">
         <path>C:\ti\ccs1220\ccs\tools\compiler\ti-cgt-arm_20.2.7.LTS\lib\</path>
         <kind>archive</kind>
         <file>rtsv7M4_T_le_eabi.lib</file>
         <name>fs_div_t2.asm.obj</name>
      </input_file>
      <input_file id="fl-c6">
         <path>C:\ti\ccs1220\ccs\tools\compiler\ti-cgt-arm_20.2.7.LTS\lib\</path>
         <kind>archive</kind>
         <file>rtsv7M4_T_le_eabi.lib</file>
         <name>fs_mul_t2.asm.obj</name>
      </input_file>
      <input_file id="fl-c7">
         <path>C:\ti\ccs1220\ccs\tools\compiler\ti-cgt-arm_20.2.7.LTS\lib\</path>
         <kind>archive</kind>
         <file>rtsv7M4_T_le_eabi.lib</file>
         <name>fs_toi_t2.asm.obj</name>
      </input_file>
      <input_file id="fl-c8">
         <path>C:\ti\ccs1220\ccs\tools\compiler\ti-cgt-arm_20.2.7.LTS\lib\</path>
         <kind>archive</kind>
         <file>rtsv7M4_T_le_eabi.lib</file>
         <name>fs_tou_t2.asm.obj</name>
      </input_file>
      <input_file id="fl-c9">
         <path>C:\ti\ccs1220\ccs\tools\compiler\ti-cgt-arm_20.2.7.LTS\lib\</path>
         <kind>archive</kind>
         <file>rtsv7M4_T_le_eabi.lib</file>
         <name>i_tofs_t2.asm.obj</name>
      </input_file>
      <input_file id="fl-ca">
         <path>C:\ti\ccs1220\ccs\tools\compiler\ti-cgt-arm_20.2.7.LTS\lib\</path>
         <kind>archive</kind>
         <file>rtsv7M4_T_le_eabi.lib</file>
         <name>u_tofs_t2.asm.obj</name>
      </input_file>
      <input_file id="fl-cb">
         <path>C:\ti\ccs1220\ccs\tools\compiler\ti-cgt-arm_20.2.7.LTS\lib\</path>
         <kind>archive</kind>
         <file>rtsv7M4_T_le_eabi.lib</file>
         <name>memset_t2.asm.obj</name>
      </input_file>
      <input_file id="fl-cc">
         <path>C:\ti\ccs1220\ccs\tools\compiler\ti-cgt-arm_20.2.7.LTS\lib\</path>
         <kind>archive</kind>
         <file>rtsv7M4_T_le_eabi.lib</file>
         <name>copy_zero_init.c.obj</name>
      </input_file>
      <input_file id="fl-cd">
         <path>C:\ti\ccs1220\ccs\tools\compiler\ti-cgt-arm_20.2.7.LTS\lib\</path>
         <kind>archive</kind>
         <file>rtsv7M4_T_le_eabi.lib</file>
         <name>copy_decompress_none.c.obj</name>
      </input_file>
      <input_file id="fl-ce">
         <path>C:\ti\ccs1220\ccs\tools\compiler\ti-cgt-arm_20.2.7.LTS\lib\</path>
         <kind>archive</kind>
         <file>rtsv7M4_T_le_eabi.lib</file>
         <name>copy_decompress_lzss.c.obj</name>
      </input_file>
      <input_file id="fl-cf">
         <path>C:\ti\ccs1220\ccs\tools\compiler\ti-cgt-arm_20.2.7.LTS\lib\</path>
         <kind>archive</kind>
         <file>rtsv7M4_T_le_eabi.lib</file>
         <name>boot_cortex_m.c.obj</name>
      </input_file>
      <input_file id="fl-d0">
         <path>C:\ti\ccs1220\ccs\tools\compiler\ti-cgt-arm_20.2.7.LTS\lib\</path>
         <kind>archive</kind>
         <file>rtsv7M4_T_le_eabi.lib</file>
         <name>memcpy_t2.asm.obj</name>
      </input_file>
      <input_file id="fl-d1">
         <path>C:\ti\ccs1220\ccs\tools\compiler\ti-cgt-arm_20.2.7.LTS\lib\</path>
         <kind>archive</kind>
         <file>rtsv7M4_T_le_eabi.lib</file>
         <name>autoinit.c.obj</name>
      </input_file>
      <input_file id="fl-d2">
         <path>C:\ti\ccs1220\ccs\tools\compiler\ti-cgt-arm_20.2.7.LTS\lib\</path>
         <kind>archive</kind>
         <file>rtsv7M4_T_le_eabi.lib</file>
         <name>pre_init.c.obj</name>
      </input_file>
      <input_file id="fl-d3">
         <path>C:\ti\ccs1220\ccs\tools\compiler\ti-cgt-arm_20.2.7.LTS\lib\</path>
         <kind>archive</kind>
         <file>rtsv7M4_T_le_eabi.lib</file>
         <name>cpy_tbl.c.obj</name>
      </input_file>
      <input_file id="fl-d4">
         <path>C:\ti\ccs1220\ccs\tools\compiler\ti-cgt-arm_20.2.7.LTS\lib\</path>
         <kind>archive</kind>
         <file>rtsv7M4_T_le_eabi.lib</file>
         <name>exit.c.obj</name>
      </input_file>
      <input_file id="fl-d5">
         <path>C:\ti\ccs1220\ccs\tools\compiler\ti-cgt-arm_20.2.7.LTS\lib\</path>
         <kind>archive</kind>
         <file>rtsv7M4_T_le_eabi.lib</file>
         <name>_lock.c.obj</name>
      </input_file>
      <input_file id="fl-d6">
         <path>C:\ti\ccs1220\ccs\tools\compiler\ti-cgt-arm_20.2.7.LTS\lib\</path>
         <kind>archive</kind>
         <file>rtsv7M4_T_le_eabi.lib</file>
         <name>args_main.c.obj</name>
      </input_file>
   </input_file_list>
   <object_component_list>
      <object_component id="oc-2a">
         <name>.resetisr:resetISR</name>
         <load_address>0x20000800</load_address>
         <run_address>0x20000800</run_address>
         <size>0x6</size>
         <input_file_ref idref="fl-3"/>
      </object_component>
      <object_component id="oc-27">
         <name>.vtable:retain</name>
         <load_address>0x20000c00</load_address>
         <run_address>0x20000c00</run_address>
         <size>0x140</size>
         <input_file_ref idref="fl-3"/>
      </object_component>
      <object_component id="oc-198">
         <name>.text:Ethernet_addPacketsIntoTxQueue</name>
         <load_address>0x20000808</load_address>
         <run_address>0x20000808</run_address>
         <size>0x254</size>
         <input_file_ref idref="fl-5"/>
      </object_component>
      <object_component id="oc-ba">
         <name>.text:Ethernet_getHandle</name>
         <load_address>0x20000a5c</load_address>
         <run_address>0x20000a5c</run_address>
         <size>0x16c</size>
         <input_file_ref idref="fl-5"/>
      </object_component>
      <object_component id="oc-74">
         <name>.text:_c_int00_noargs:_c_int00_noargs</name>
         <load_address>0x20000bc8</load_address>
         <run_address>0x20000bc8</run_address>
         <size>0x24</size>
         <input_file_ref idref="fl-cf"/>
      </object_component>
      <object_component id="oc-2de">
         <name>.text:Ethernet_setRxDescRingLength</name>
         <load_address>0x20000bec</load_address>
         <run_address>0x20000bec</run_address>
         <size>0x14</size>
         <input_file_ref idref="fl-5"/>
      </object_component>
      <object_component id="oc-42">
         <name>.text:Ethernet_genericISR</name>
         <load_address>0x20000d40</load_address>
         <run_address>0x20000d40</run_address>
         <size>0x428</size>
         <input_file_ref idref="fl-5"/>
      </object_component>
      <object_component id="oc-11b">
         <name>.text:Ethernet_removePacketsFromRxQueue</name>
         <load_address>0x20001168</load_address>
         <run_address>0x20001168</run_address>
         <size>0x1f8</size>
         <input_file_ref idref="fl-5"/>
      </object_component>
      <object_component id="oc-b4">
         <name>.text:Ethernet_getInitConfig</name>
         <load_address>0x20001360</load_address>
         <run_address>0x20001360</run_address>
         <size>0x1b4</size>
         <input_file_ref idref="fl-5"/>
      </object_component>
      <object_component id="oc-31">
         <name>.text:main</name>
         <load_address>0x20001514</load_address>
         <run_address>0x20001514</run_address>
         <size>0x160</size>
         <input_file_ref idref="fl-2"/>
      </object_component>
      <object_component id="oc-3c">
         <name>.text:Ethernet_receiveISR</name>
         <load_address>0x20001674</load_address>
         <run_address>0x20001674</run_address>
         <size>0x124</size>
         <input_file_ref idref="fl-5"/>
      </object_component>
      <object_component id="oc-239">
         <name>.text:Ethernet_sendPacket</name>
         <load_address>0x20001798</load_address>
         <run_address>0x20001798</run_address>
         <size>0xf0</size>
         <input_file_ref idref="fl-5"/>
      </object_component>
      <object_component id="oc-1d3">
         <name>.text:Ethernet_initRxChannel</name>
         <load_address>0x20001888</load_address>
         <run_address>0x20001888</run_address>
         <size>0xdc</size>
         <input_file_ref idref="fl-5"/>
      </object_component>
      <object_component id="oc-9c">
         <name>.text:Ethernet_removePacketsFromTxQueue</name>
         <load_address>0x20001964</load_address>
         <run_address>0x20001964</run_address>
         <size>0xca</size>
         <input_file_ref idref="fl-5"/>
      </object_component>
      <object_component id="oc-92">
         <name>.text:defaultISR</name>
         <load_address>0x20001a2e</load_address>
         <run_address>0x20001a2e</run_address>
         <size>0x2</size>
         <input_file_ref idref="fl-3"/>
      </object_component>
      <object_component id="oc-ae">
         <name>.text:Ethernet_initInterface</name>
         <load_address>0x20001a30</load_address>
         <run_address>0x20001a30</run_address>
         <size>0xc8</size>
         <input_file_ref idref="fl-5"/>
      </object_component>
      <object_component id="oc-1c7">
         <name>.text:Ethernet_initTxChannel</name>
         <load_address>0x20001af8</load_address>
         <run_address>0x20001af8</run_address>
         <size>0xc4</size>
         <input_file_ref idref="fl-5"/>
      </object_component>
      <object_component id="oc-56">
         <name>.text</name>
         <load_address>0x20001bbc</load_address>
         <run_address>0x20001bbc</run_address>
         <size>0x9c</size>
         <input_file_ref idref="fl-d0"/>
      </object_component>
      <object_component id="oc-2be">
         <name>.text:Ethernet_writeTxDMAControl</name>
         <load_address>0x20001c58</load_address>
         <run_address>0x20001c58</run_address>
         <size>0x94</size>
         <input_file_ref idref="fl-5"/>
      </object_component>
      <object_component id="oc-cc">
         <name>.text:IPC_registerInterrupt</name>
         <load_address>0x20001cec</load_address>
         <run_address>0x20001cec</run_address>
         <size>0x80</size>
         <input_file_ref idref="fl-2"/>
      </object_component>
      <object_component id="oc-20f">
         <name>.text:Interrupt_disable</name>
         <load_address>0x20001d6c</load_address>
         <run_address>0x20001d6c</run_address>
         <size>0x80</size>
         <input_file_ref idref="fl-b"/>
      </object_component>
      <object_component id="oc-c6">
         <name>.text:Interrupt_enable</name>
         <load_address>0x20001dec</load_address>
         <run_address>0x20001dec</run_address>
         <size>0x80</size>
         <input_file_ref idref="fl-b"/>
      </object_component>
      <object_component id="oc-170">
         <name>.text</name>
         <load_address>0x20001e6c</load_address>
         <run_address>0x20001e6c</run_address>
         <size>0x7a</size>
         <input_file_ref idref="fl-cb"/>
      </object_component>
      <object_component id="oc-8c">
         <name>.text:faultISR</name>
         <load_address>0x20001ee6</load_address>
         <run_address>0x20001ee6</run_address>
         <size>0x2</size>
         <input_file_ref idref="fl-3"/>
      </object_component>
      <object_component id="oc-104">
         <name>.text:IPC_ISR0</name>
         <load_address>0x20001ee8</load_address>
         <run_address>0x20001ee8</run_address>
         <size>0x74</size>
         <input_file_ref idref="fl-2"/>
      </object_component>
      <object_component id="oc-21e">
         <name>.text:SysCtl_resetPeripheral</name>
         <load_address>0x20001f5c</load_address>
         <run_address>0x20001f5c</run_address>
         <size>0x70</size>
         <input_file_ref idref="fl-d"/>
      </object_component>
      <object_component id="oc-12e">
         <name>.text:Ethernet_writePHYRegister</name>
         <load_address>0x20001fcc</load_address>
         <run_address>0x20001fcc</run_address>
         <size>0x6e</size>
         <input_file_ref idref="fl-5"/>
      </object_component>
      <object_component id="oc-2d8">
         <name>.text:Ethernet_writeRxDMAControl</name>
         <load_address>0x2000203a</load_address>
         <run_address>0x2000203a</run_address>
         <size>0x6a</size>
         <input_file_ref idref="fl-5"/>
      </object_component>
      <object_component id="oc-13a">
         <name>.text:Ethernet_getOneStepTransmitTimestampPTP</name>
         <load_address>0x200020a4</load_address>
         <run_address>0x200020a4</run_address>
         <size>0x68</size>
         <input_file_ref idref="fl-5"/>
      </object_component>
      <object_component id="oc-19">
         <name>.text:decompress:lzss:__TI_decompress_lzss</name>
         <load_address>0x2000210c</load_address>
         <run_address>0x2000210c</run_address>
         <size>0x68</size>
         <input_file_ref idref="fl-ce"/>
      </object_component>
      <object_component id="oc-14c">
         <name>.text:Ethernet_addPacketsIntoRxQueue</name>
         <load_address>0x20002174</load_address>
         <run_address>0x20002174</run_address>
         <size>0x60</size>
         <input_file_ref idref="fl-5"/>
      </object_component>
      <object_component id="oc-c0">
         <name>.text:Interrupt_registerHandler</name>
         <load_address>0x200021d4</load_address>
         <run_address>0x200021d4</run_address>
         <size>0x5c</size>
         <input_file_ref idref="fl-b"/>
      </object_component>
      <object_component id="oc-30">
         <name>.text:Ethernet_transmitISR</name>
         <load_address>0x20002230</load_address>
         <run_address>0x20002230</run_address>
         <size>0x58</size>
         <input_file_ref idref="fl-5"/>
      </object_component>
      <object_component id="oc-128">
         <name>.text:Ethernet_readPHYRegister</name>
         <load_address>0x20002288</load_address>
         <run_address>0x20002288</run_address>
         <size>0x52</size>
         <input_file_ref idref="fl-5"/>
      </object_component>
      <object_component id="oc-86">
         <name>.text:nmiISR</name>
         <load_address>0x200022da</load_address>
         <run_address>0x200022da</run_address>
         <size>0x2</size>
         <input_file_ref idref="fl-3"/>
      </object_component>
      <object_component id="oc-ea">
         <name>.text:Ethernet_getPacketBuffer</name>
         <load_address>0x200022dc</load_address>
         <run_address>0x200022dc</run_address>
         <size>0x4c</size>
         <input_file_ref idref="fl-5"/>
      </object_component>
      <object_component id="oc-217">
         <name>.text:SysCtl_enablePeripheral</name>
         <load_address>0x20002328</load_address>
         <run_address>0x20002328</run_address>
         <size>0x48</size>
         <input_file_ref idref="fl-d"/>
      </object_component>
      <object_component id="oc-281">
         <name>.text:__TI_auto_init_nobinit_nopinit:__TI_auto_init_nobinit_nopinit</name>
         <load_address>0x20002370</load_address>
         <run_address>0x20002370</run_address>
         <size>0x44</size>
         <input_file_ref idref="fl-d1"/>
      </object_component>
      <object_component id="oc-2ea">
         <name>.text:Ethernet_enableMACRxQ</name>
         <load_address>0x200023b4</load_address>
         <run_address>0x200023b4</run_address>
         <size>0x22</size>
         <input_file_ref idref="fl-5"/>
      </object_component>
      <object_component id="oc-140">
         <name>.text:Ethernet_configureEEEClockGatingControl</name>
         <load_address>0x200023d6</load_address>
         <run_address>0x200023d6</run_address>
         <size>0x20</size>
         <input_file_ref idref="fl-5"/>
      </object_component>
      <object_component id="oc-1eb">
         <name>.text:Ethernet_setMACAddr</name>
         <load_address>0x200023f6</load_address>
         <run_address>0x200023f6</run_address>
         <size>0x20</size>
         <input_file_ref idref="fl-5"/>
      </object_component>
      <object_component id="oc-312">
         <name>.text:Ethernet_performPushPacketQueueChain</name>
         <load_address>0x20002416</load_address>
         <run_address>0x20002416</run_address>
         <size>0x1e</size>
         <input_file_ref idref="fl-5"/>
      </object_component>
      <object_component id="oc-254">
         <name>.text:Ethernet_performPushOnPacketQueue</name>
         <load_address>0x20002434</load_address>
         <run_address>0x20002434</run_address>
         <size>0x1c</size>
         <input_file_ref idref="fl-5"/>
      </object_component>
      <object_component id="oc-2ca">
         <name>.text:Ethernet_setMTLTxQueueOpMode</name>
         <load_address>0x20002450</load_address>
         <run_address>0x20002450</run_address>
         <size>0x1c</size>
         <input_file_ref idref="fl-5"/>
      </object_component>
      <object_component id="oc-122">
         <name>.text:Ethernet_isTimestampIntActive</name>
         <load_address>0x2000246c</load_address>
         <run_address>0x2000246c</run_address>
         <size>0x18</size>
         <input_file_ref idref="fl-5"/>
      </object_component>
      <object_component id="oc-134">
         <name>.text:Ethernet_isTransmitTimestampStatusSet</name>
         <load_address>0x20002484</load_address>
         <run_address>0x20002484</run_address>
         <size>0x18</size>
         <input_file_ref idref="fl-5"/>
      </object_component>
      <object_component id="oc-2e4">
         <name>.text:Ethernet_setMTLRxQueueOpMode</name>
         <load_address>0x2000249c</load_address>
         <run_address>0x2000249c</run_address>
         <size>0x16</size>
         <input_file_ref idref="fl-5"/>
      </object_component>
      <object_component id="oc-2c4">
         <name>.text:Ethernet_setTxDescRingLength</name>
         <load_address>0x200024b2</load_address>
         <run_address>0x200024b2</run_address>
         <size>0x14</size>
         <input_file_ref idref="fl-5"/>
      </object_component>
      <object_component id="oc-2f0">
         <name>.text:Ethernet_enableRxDMAReception</name>
         <load_address>0x200024c6</load_address>
         <run_address>0x200024c6</run_address>
         <size>0x12</size>
         <input_file_ref idref="fl-5"/>
      </object_component>
      <object_component id="oc-24e">
         <name>.text:Ethernet_getRxERICount</name>
         <load_address>0x200024d8</load_address>
         <run_address>0x200024d8</run_address>
         <size>0x12</size>
         <input_file_ref idref="fl-5"/>
      </object_component>
      <object_component id="oc-192">
         <name>.text:Ethernet_performPopOnPacketQueue</name>
         <load_address>0x200024ea</load_address>
         <run_address>0x200024ea</run_address>
         <size>0x12</size>
         <input_file_ref idref="fl-5"/>
      </object_component>
      <object_component id="oc-1f7">
         <name>.text:Ethernet_configureMDIO</name>
         <load_address>0x200024fc</load_address>
         <run_address>0x200024fc</run_address>
         <size>0x10</size>
         <input_file_ref idref="fl-5"/>
      </object_component>
      <object_component id="oc-1d9">
         <name>.text:Ethernet_enableDmaInterrupt</name>
         <load_address>0x2000250c</load_address>
         <run_address>0x2000250c</run_address>
         <size>0x10</size>
         <input_file_ref idref="fl-5"/>
      </object_component>
      <object_component id="oc-f6">
         <name>.text:Ethernet_receivePacketCallback</name>
         <load_address>0x2000251c</load_address>
         <run_address>0x2000251c</run_address>
         <size>0x10</size>
         <input_file_ref idref="fl-5"/>
      </object_component>
      <object_component id="oc-f0">
         <name>.text:Ethernet_releaseTxPacketBuffer</name>
         <load_address>0x2000252c</load_address>
         <run_address>0x2000252c</run_address>
         <size>0x10</size>
         <input_file_ref idref="fl-5"/>
      </object_component>
      <object_component id="oc-1b9">
         <name>.text:Ethernet_resetModule</name>
         <load_address>0x2000253c</load_address>
         <run_address>0x2000253c</run_address>
         <size>0x10</size>
         <input_file_ref idref="fl-5"/>
      </object_component>
      <object_component id="oc-1fd">
         <name>.text:Ethernet_configurePHYAddress</name>
         <load_address>0x2000254c</load_address>
         <run_address>0x2000254c</run_address>
         <size>0xe</size>
         <input_file_ref idref="fl-5"/>
      </object_component>
      <object_component id="oc-146">
         <name>.text:Ethernet_disableTxEEEMode</name>
         <load_address>0x2000255a</load_address>
         <run_address>0x2000255a</run_address>
         <size>0xe</size>
         <input_file_ref idref="fl-5"/>
      </object_component>
      <object_component id="oc-de">
         <name>.text:Platform_enablePeripheral</name>
         <load_address>0x20002568</load_address>
         <run_address>0x20002568</run_address>
         <size>0xe</size>
         <input_file_ref idref="fl-c"/>
      </object_component>
      <object_component id="oc-e4">
         <name>.text:Platform_resetPeripheral</name>
         <load_address>0x20002576</load_address>
         <run_address>0x20002576</run_address>
         <size>0xe</size>
         <input_file_ref idref="fl-c"/>
      </object_component>
      <object_component id="oc-1f">
         <name>.text:decompress:none:__TI_decompress_none</name>
         <load_address>0x20002584</load_address>
         <run_address>0x20002584</run_address>
         <size>0xe</size>
         <input_file_ref idref="fl-cd"/>
      </object_component>
      <object_component id="oc-a2">
         <name>.text:Ethernet_clearDMAChannelInterrupt</name>
         <load_address>0x20002592</load_address>
         <run_address>0x20002592</run_address>
         <size>0xc</size>
         <input_file_ref idref="fl-5"/>
      </object_component>
      <object_component id="oc-1b3">
         <name>.text:Ethernet_configureRevMIIAddress</name>
         <load_address>0x2000259e</load_address>
         <run_address>0x2000259e</run_address>
         <size>0xc</size>
         <input_file_ref idref="fl-5"/>
      </object_component>
      <object_component id="oc-1df">
         <name>.text:Ethernet_setMTLOpmode</name>
         <load_address>0x200025aa</load_address>
         <run_address>0x200025aa</run_address>
         <size>0xc</size>
         <input_file_ref idref="fl-5"/>
      </object_component>
      <object_component id="oc-2d2">
         <name>.text:Ethernet_writeRxDescListAddress</name>
         <load_address>0x200025b6</load_address>
         <run_address>0x200025b6</run_address>
         <size>0xc</size>
         <input_file_ref idref="fl-5"/>
      </object_component>
      <object_component id="oc-152">
         <name>.text:Ethernet_writeRxDescTailPointer</name>
         <load_address>0x200025c2</load_address>
         <run_address>0x200025c2</run_address>
         <size>0xc</size>
         <input_file_ref idref="fl-5"/>
      </object_component>
      <object_component id="oc-2b8">
         <name>.text:Ethernet_writeTxDescListAddress</name>
         <load_address>0x200025ce</load_address>
         <run_address>0x200025ce</run_address>
         <size>0xc</size>
         <input_file_ref idref="fl-5"/>
      </object_component>
      <object_component id="oc-1cd">
         <name>.text:Ethernet_writeTxDescTailPointer</name>
         <load_address>0x200025da</load_address>
         <run_address>0x200025da</run_address>
         <size>0xc</size>
         <input_file_ref idref="fl-5"/>
      </object_component>
      <object_component id="oc-d2">
         <name>.text:Platform_disableInterrupt</name>
         <load_address>0x200025e6</load_address>
         <run_address>0x200025e6</run_address>
         <size>0xc</size>
         <input_file_ref idref="fl-c"/>
      </object_component>
      <object_component id="oc-d8">
         <name>.text:Platform_enableInterrupt</name>
         <load_address>0x200025f2</load_address>
         <run_address>0x200025f2</run_address>
         <size>0xc</size>
         <input_file_ref idref="fl-c"/>
      </object_component>
      <object_component id="oc-68">
         <name>.text:decompress:ZI:__TI_zero_init</name>
         <load_address>0x200025fe</load_address>
         <run_address>0x200025fe</run_address>
         <size>0xc</size>
         <input_file_ref idref="fl-cc"/>
      </object_component>
      <object_component id="oc-25c">
         <name>.text:Ethernet_getPHYMode</name>
         <load_address>0x2000260a</load_address>
         <run_address>0x2000260a</run_address>
         <size>0xa</size>
         <input_file_ref idref="fl-5"/>
      </object_component>
      <object_component id="oc-1e5">
         <name>.text:Ethernet_setDMAMode</name>
         <load_address>0x20002614</load_address>
         <run_address>0x20002614</run_address>
         <size>0x8</size>
         <input_file_ref idref="fl-5"/>
      </object_component>
      <object_component id="oc-1c1">
         <name>.text:Ethernet_setMACConfiguration</name>
         <load_address>0x2000261c</load_address>
         <run_address>0x2000261c</run_address>
         <size>0x8</size>
         <input_file_ref idref="fl-5"/>
      </object_component>
      <object_component id="oc-1f1">
         <name>.text:Ethernet_setMACPacketFilter</name>
         <load_address>0x20002624</load_address>
         <run_address>0x20002624</run_address>
         <size>0x8</size>
         <input_file_ref idref="fl-5"/>
      </object_component>
      <object_component id="oc-248">
         <name>.text:Ethernet_returnTopOfPacketQueue</name>
         <load_address>0x2000262c</load_address>
         <run_address>0x2000262c</run_address>
         <size>0x4</size>
         <input_file_ref idref="fl-5"/>
      </object_component>
      <object_component id="oc-208">
         <name>.text:__error__</name>
         <load_address>0x20002630</load_address>
         <run_address>0x20002630</run_address>
         <size>0x4</size>
         <input_file_ref idref="fl-4"/>
      </object_component>
      <object_component id="oc-176">
         <name>.text:_system_pre_init</name>
         <load_address>0x20002634</load_address>
         <run_address>0x20002634</run_address>
         <size>0x4</size>
         <input_file_ref idref="fl-d2"/>
      </object_component>
      <object_component id="oc-275">
         <name>.text:abort:abort</name>
         <load_address>0x20002638</load_address>
         <run_address>0x20002638</run_address>
         <size>0x4</size>
         <input_file_ref idref="fl-d4"/>
      </object_component>
      <object_component id="oc-3b4">
         <name>.cinit..data.load</name>
         <load_address>0x1fffe000</load_address>
         <run_address>0x1fffe000</run_address>
         <size>0x17</size>
      </object_component>
      <object_component id="oc-3b2">
         <name>__TI_handler_table</name>
         <load_address>0x1fffe018</load_address>
         <run_address>0x1fffe018</run_address>
         <size>0xc</size>
      </object_component>
      <object_component id="oc-3b5">
         <name>.cinit..bss.load</name>
         <load_address>0x1fffe028</load_address>
         <run_address>0x1fffe028</run_address>
         <size>0x8</size>
      </object_component>
      <object_component id="oc-3b3">
         <name>__TI_cinit_table</name>
         <load_address>0x1fffe030</load_address>
         <run_address>0x1fffe030</run_address>
         <size>0x10</size>
      </object_component>
      <object_component id="oc-48">
         <name>.stack</name>
         <uninitialized>true</uninitialized>
         <run_address>0x1fffc000</run_address>
         <size>0x4</size>
         <input_file_ref idref="fl-cf"/>
      </object_component>
      <object_component id="oc-3b7">
         <name>.stack</name>
         <uninitialized>true</uninitialized>
         <run_address>0x1fffc000</run_address>
         <size>0x0</size>
      </object_component>
      <object_component id="oc-23f">
         <name>.data</name>
         <load_address>0x2000c6ec</load_address>
         <run_address>0x2000c6ec</run_address>
         <size>0x1</size>
         <input_file_ref idref="fl-2"/>
      </object_component>
      <object_component id="oc-ab">
         <name>.data</name>
         <load_address>0x2000c680</load_address>
         <run_address>0x2000c680</run_address>
         <size>0x6c</size>
         <input_file_ref idref="fl-5"/>
      </object_component>
      <object_component id="oc-fc">
         <name>.common:Ethernet_rxBuffer</name>
         <uninitialized>true</uninitialized>
         <run_address>0x2000c45c</run_address>
         <size>0x190</size>
      </object_component>
      <object_component id="oc-ff">
         <name>.common:emac_handle</name>
         <uninitialized>true</uninitialized>
         <run_address>0x2000c67c</run_address>
         <size>0x4</size>
      </object_component>
      <object_component id="oc-100">
         <name>.common:pktDesc</name>
         <uninitialized>true</uninitialized>
         <run_address>0x2000c634</run_address>
         <size>0x48</size>
      </object_component>
      <object_component id="oc-a8">
         <name>.common:Ethernet_device_struct</name>
         <uninitialized>true</uninitialized>
         <run_address>0x2000c000</run_address>
         <size>0x25c</size>
      </object_component>
      <object_component id="oc-225">
         <name>.common:Ethernet_pktDescriptorRX</name>
         <uninitialized>true</uninitialized>
         <run_address>0x2000c5ec</run_address>
         <size>0x48</size>
      </object_component>
      <object_component id="oc-203">
         <name>.common:Ethernet_descArray</name>
         <uninitialized>true</uninitialized>
         <run_address>0x2000c25c</run_address>
         <size>0x200</size>
      </object_component>
      <object_component id="oc-101">
         <name>.const:IPC_Instance</name>
         <load_address>0x1fffc200</load_address>
         <run_address>0x1fffc200</run_address>
         <size>0x88</size>
         <input_file_ref idref="fl-2"/>
      </object_component>
      <object_component id="oc-22b">
         <name>MSGRAM_CM_TO_CPU1</name>
         <uninitialized>true</uninitialized>
         <run_address>0x20082000</run_address>
         <size>0x110</size>
         <input_file_ref idref="fl-2"/>
      </object_component>
      <object_component id="oc-231">
         <name>MSGRAM_CM_TO_CPU2</name>
         <uninitialized>true</uninitialized>
         <run_address>0x20086000</run_address>
         <size>0x110</size>
         <input_file_ref idref="fl-2"/>
      </object_component>
      <object_component id="oc-22e">
         <name>MSGRAM_CPU1_TO_CM</name>
         <uninitialized>true</uninitialized>
         <run_address>0x20080000</run_address>
         <size>0x110</size>
         <input_file_ref idref="fl-2"/>
      </object_component>
      <object_component id="oc-234">
         <name>MSGRAM_CPU2_TO_CM</name>
         <uninitialized>true</uninitialized>
         <run_address>0x20084000</run_address>
         <size>0x110</size>
         <input_file_ref idref="fl-2"/>
      </object_component>
      <object_component id="oc-fd">
         <name>.debug_info</name>
         <load_address>0x0</load_address>
         <run_address>0x0</run_address>
         <size>0x8d5</size>
         <input_file_ref idref="fl-2"/>
      </object_component>
      <object_component id="oc-22c">
         <name>.debug_info</name>
         <load_address>0x8d5</load_address>
         <run_address>0x8d5</run_address>
         <size>0x11c</size>
         <input_file_ref idref="fl-2"/>
      </object_component>
      <object_component id="oc-22f">
         <name>.debug_info</name>
         <load_address>0x9f1</load_address>
         <run_address>0x9f1</run_address>
         <size>0x11c</size>
         <input_file_ref idref="fl-2"/>
      </object_component>
      <object_component id="oc-232">
         <name>.debug_info</name>
         <load_address>0xb0d</load_address>
         <run_address>0xb0d</run_address>
         <size>0x11c</size>
         <input_file_ref idref="fl-2"/>
      </object_component>
      <object_component id="oc-235">
         <name>.debug_info</name>
         <load_address>0xc29</load_address>
         <run_address>0xc29</run_address>
         <size>0x11c</size>
         <input_file_ref idref="fl-2"/>
      </object_component>
      <object_component id="oc-102">
         <name>.debug_info</name>
         <load_address>0xd45</load_address>
         <run_address>0xd45</run_address>
         <size>0x104</size>
         <input_file_ref idref="fl-2"/>
      </object_component>
      <object_component id="oc-240">
         <name>.debug_info</name>
         <load_address>0xe49</load_address>
         <run_address>0xe49</run_address>
         <size>0xf8</size>
         <input_file_ref idref="fl-2"/>
      </object_component>
      <object_component id="oc-ce">
         <name>.debug_info</name>
         <load_address>0xf41</load_address>
         <run_address>0xf41</run_address>
         <size>0x2a4</size>
         <input_file_ref idref="fl-2"/>
      </object_component>
      <object_component id="oc-32">
         <name>.debug_info</name>
         <load_address>0x11e5</load_address>
         <run_address>0x11e5</run_address>
         <size>0x2a2</size>
         <input_file_ref idref="fl-2"/>
      </object_component>
      <object_component id="oc-105">
         <name>.debug_info</name>
         <load_address>0x1487</load_address>
         <run_address>0x1487</run_address>
         <size>0x1ba</size>
         <input_file_ref idref="fl-2"/>
      </object_component>
      <object_component id="oc-10b">
         <name>.debug_info</name>
         <load_address>0x1641</load_address>
         <run_address>0x1641</run_address>
         <size>0x21e4</size>
         <input_file_ref idref="fl-2"/>
      </object_component>
      <object_component id="oc-110">
         <name>.debug_info</name>
         <load_address>0x3825</load_address>
         <run_address>0x3825</run_address>
         <size>0x4de</size>
         <input_file_ref idref="fl-2"/>
      </object_component>
      <object_component id="oc-34b">
         <name>.debug_info</name>
         <load_address>0x3d03</load_address>
         <run_address>0x3d03</run_address>
         <size>0x297</size>
         <input_file_ref idref="fl-2"/>
      </object_component>
      <object_component id="oc-18d">
         <name>.debug_info</name>
         <load_address>0x3f9a</load_address>
         <run_address>0x3f9a</run_address>
         <size>0x26b</size>
         <input_file_ref idref="fl-2"/>
      </object_component>
      <object_component id="oc-19f">
         <name>.debug_info</name>
         <load_address>0x4205</load_address>
         <run_address>0x4205</run_address>
         <size>0x8b</size>
         <input_file_ref idref="fl-2"/>
      </object_component>
      <object_component id="oc-243">
         <name>.debug_info</name>
         <load_address>0x4290</load_address>
         <run_address>0x4290</run_address>
         <size>0x2a4</size>
         <input_file_ref idref="fl-2"/>
      </object_component>
      <object_component id="oc-115">
         <name>.debug_info</name>
         <load_address>0x4534</load_address>
         <run_address>0x4534</run_address>
         <size>0xbb</size>
         <input_file_ref idref="fl-2"/>
      </object_component>
      <object_component id="oc-9a">
         <name>.debug_info</name>
         <load_address>0x45ef</load_address>
         <run_address>0x45ef</run_address>
         <size>0x188</size>
         <input_file_ref idref="fl-3"/>
      </object_component>
      <object_component id="oc-28">
         <name>.debug_info</name>
         <load_address>0x4777</load_address>
         <run_address>0x4777</run_address>
         <size>0xf9</size>
         <input_file_ref idref="fl-3"/>
      </object_component>
      <object_component id="oc-2b">
         <name>.debug_info</name>
         <load_address>0x4870</load_address>
         <run_address>0x4870</run_address>
         <size>0x122</size>
         <input_file_ref idref="fl-3"/>
      </object_component>
      <object_component id="oc-8a">
         <name>.debug_info</name>
         <load_address>0x4992</load_address>
         <run_address>0x4992</run_address>
         <size>0x113</size>
         <input_file_ref idref="fl-3"/>
      </object_component>
      <object_component id="oc-8f">
         <name>.debug_info</name>
         <load_address>0x4aa5</load_address>
         <run_address>0x4aa5</run_address>
         <size>0x117</size>
         <input_file_ref idref="fl-3"/>
      </object_component>
      <object_component id="oc-95">
         <name>.debug_info</name>
         <load_address>0x4bbc</load_address>
         <run_address>0x4bbc</run_address>
         <size>0x11b</size>
         <input_file_ref idref="fl-3"/>
      </object_component>
      <object_component id="oc-51">
         <name>.debug_info</name>
         <load_address>0x4cd7</load_address>
         <run_address>0x4cd7</run_address>
         <size>0x84</size>
         <input_file_ref idref="fl-3"/>
      </object_component>
      <object_component id="oc-301">
         <name>.debug_info</name>
         <load_address>0x4d5b</load_address>
         <run_address>0x4d5b</run_address>
         <size>0x38c</size>
         <input_file_ref idref="fl-4"/>
      </object_component>
      <object_component id="oc-20a">
         <name>.debug_info</name>
         <load_address>0x50e7</load_address>
         <run_address>0x50e7</run_address>
         <size>0x14c</size>
         <input_file_ref idref="fl-4"/>
      </object_component>
      <object_component id="oc-a9">
         <name>.debug_info</name>
         <load_address>0x5233</load_address>
         <run_address>0x5233</run_address>
         <size>0x4d9</size>
         <input_file_ref idref="fl-5"/>
      </object_component>
      <object_component id="oc-ac">
         <name>.debug_info</name>
         <load_address>0x570c</load_address>
         <run_address>0x570c</run_address>
         <size>0x7e2</size>
         <input_file_ref idref="fl-5"/>
      </object_component>
      <object_component id="oc-1ce">
         <name>.debug_info</name>
         <load_address>0x5eee</load_address>
         <run_address>0x5eee</run_address>
         <size>0x1f9</size>
         <input_file_ref idref="fl-5"/>
      </object_component>
      <object_component id="oc-2b9">
         <name>.debug_info</name>
         <load_address>0x60e7</load_address>
         <run_address>0x60e7</run_address>
         <size>0x1f9</size>
         <input_file_ref idref="fl-5"/>
      </object_component>
      <object_component id="oc-2bf">
         <name>.debug_info</name>
         <load_address>0x62e0</load_address>
         <run_address>0x62e0</run_address>
         <size>0x29d</size>
         <input_file_ref idref="fl-5"/>
      </object_component>
      <object_component id="oc-153">
         <name>.debug_info</name>
         <load_address>0x657d</load_address>
         <run_address>0x657d</run_address>
         <size>0x1f9</size>
         <input_file_ref idref="fl-5"/>
      </object_component>
      <object_component id="oc-2d3">
         <name>.debug_info</name>
         <load_address>0x6776</load_address>
         <run_address>0x6776</run_address>
         <size>0x1f9</size>
         <input_file_ref idref="fl-5"/>
      </object_component>
      <object_component id="oc-2d9">
         <name>.debug_info</name>
         <load_address>0x696f</load_address>
         <run_address>0x696f</run_address>
         <size>0x27d</size>
         <input_file_ref idref="fl-5"/>
      </object_component>
      <object_component id="oc-25d">
         <name>.debug_info</name>
         <load_address>0x6bec</load_address>
         <run_address>0x6bec</run_address>
         <size>0x171</size>
         <input_file_ref idref="fl-5"/>
      </object_component>
      <object_component id="oc-12f">
         <name>.debug_info</name>
         <load_address>0x6d5d</load_address>
         <run_address>0x6d5d</run_address>
         <size>0x203</size>
         <input_file_ref idref="fl-5"/>
      </object_component>
      <object_component id="oc-193">
         <name>.debug_info</name>
         <load_address>0x6f60</load_address>
         <run_address>0x6f60</run_address>
         <size>0x1c9</size>
         <input_file_ref idref="fl-5"/>
      </object_component>
      <object_component id="oc-255">
         <name>.debug_info</name>
         <load_address>0x7129</load_address>
         <run_address>0x7129</run_address>
         <size>0x1ea</size>
         <input_file_ref idref="fl-5"/>
      </object_component>
      <object_component id="oc-199">
         <name>.debug_info</name>
         <load_address>0x7313</load_address>
         <run_address>0x7313</run_address>
         <size>0x279</size>
         <input_file_ref idref="fl-5"/>
      </object_component>
      <object_component id="oc-9d">
         <name>.debug_info</name>
         <load_address>0x758c</load_address>
         <run_address>0x758c</run_address>
         <size>0x2ae</size>
         <input_file_ref idref="fl-5"/>
      </object_component>
      <object_component id="oc-a3">
         <name>.debug_info</name>
         <load_address>0x783a</load_address>
         <run_address>0x783a</run_address>
         <size>0x1e9</size>
         <input_file_ref idref="fl-5"/>
      </object_component>
      <object_component id="oc-37">
         <name>.debug_info</name>
         <load_address>0x7a23</load_address>
         <run_address>0x7a23</run_address>
         <size>0x203</size>
         <input_file_ref idref="fl-5"/>
      </object_component>
      <object_component id="oc-2c5">
         <name>.debug_info</name>
         <load_address>0x7c26</load_address>
         <run_address>0x7c26</run_address>
         <size>0x1f3</size>
         <input_file_ref idref="fl-5"/>
      </object_component>
      <object_component id="oc-2df">
         <name>.debug_info</name>
         <load_address>0x7e19</load_address>
         <run_address>0x7e19</run_address>
         <size>0x1f3</size>
         <input_file_ref idref="fl-5"/>
      </object_component>
      <object_component id="oc-2cb">
         <name>.debug_info</name>
         <load_address>0x800c</load_address>
         <run_address>0x800c</run_address>
         <size>0x253</size>
         <input_file_ref idref="fl-5"/>
      </object_component>
      <object_component id="oc-2e5">
         <name>.debug_info</name>
         <load_address>0x825f</load_address>
         <run_address>0x825f</run_address>
         <size>0x253</size>
         <input_file_ref idref="fl-5"/>
      </object_component>
      <object_component id="oc-1e0">
         <name>.debug_info</name>
         <load_address>0x84b2</load_address>
         <run_address>0x84b2</run_address>
         <size>0x23d</size>
         <input_file_ref idref="fl-5"/>
      </object_component>
      <object_component id="oc-1f2">
         <name>.debug_info</name>
         <load_address>0x86ef</load_address>
         <run_address>0x86ef</run_address>
         <size>0x1a3</size>
         <input_file_ref idref="fl-5"/>
      </object_component>
      <object_component id="oc-1c2">
         <name>.debug_info</name>
         <load_address>0x8892</load_address>
         <run_address>0x8892</run_address>
         <size>0x1a5</size>
         <input_file_ref idref="fl-5"/>
      </object_component>
      <object_component id="oc-1ec">
         <name>.debug_info</name>
         <load_address>0x8a37</load_address>
         <run_address>0x8a37</run_address>
         <size>0x247</size>
         <input_file_ref idref="fl-5"/>
      </object_component>
      <object_component id="oc-1e6">
         <name>.debug_info</name>
         <load_address>0x8c7e</load_address>
         <run_address>0x8c7e</run_address>
         <size>0x19b</size>
         <input_file_ref idref="fl-5"/>
      </object_component>
      <object_component id="oc-141">
         <name>.debug_info</name>
         <load_address>0x8e19</load_address>
         <run_address>0x8e19</run_address>
         <size>0x1db</size>
         <input_file_ref idref="fl-5"/>
      </object_component>
      <object_component id="oc-147">
         <name>.debug_info</name>
         <load_address>0x8ff4</load_address>
         <run_address>0x8ff4</run_address>
         <size>0x179</size>
         <input_file_ref idref="fl-5"/>
      </object_component>
      <object_component id="oc-313">
         <name>.debug_info</name>
         <load_address>0x916d</load_address>
         <run_address>0x916d</run_address>
         <size>0x260</size>
         <input_file_ref idref="fl-5"/>
      </object_component>
      <object_component id="oc-23a">
         <name>.debug_info</name>
         <load_address>0x93cd</load_address>
         <run_address>0x93cd</run_address>
         <size>0x29a</size>
         <input_file_ref idref="fl-5"/>
      </object_component>
      <object_component id="oc-1ba">
         <name>.debug_info</name>
         <load_address>0x9667</load_address>
         <run_address>0x9667</run_address>
         <size>0x16f</size>
         <input_file_ref idref="fl-5"/>
      </object_component>
      <object_component id="oc-249">
         <name>.debug_info</name>
         <load_address>0x97d6</load_address>
         <run_address>0x97d6</run_address>
         <size>0x1a4</size>
         <input_file_ref idref="fl-5"/>
      </object_component>
      <object_component id="oc-24f">
         <name>.debug_info</name>
         <load_address>0x997a</load_address>
         <run_address>0x997a</run_address>
         <size>0x1e0</size>
         <input_file_ref idref="fl-5"/>
      </object_component>
      <object_component id="oc-11c">
         <name>.debug_info</name>
         <load_address>0x9b5a</load_address>
         <run_address>0x9b5a</run_address>
         <size>0x3d0</size>
         <input_file_ref idref="fl-5"/>
      </object_component>
      <object_component id="oc-f1">
         <name>.debug_info</name>
         <load_address>0x9f2a</load_address>
         <run_address>0x9f2a</run_address>
         <size>0x1a3</size>
         <input_file_ref idref="fl-5"/>
      </object_component>
      <object_component id="oc-eb">
         <name>.debug_info</name>
         <load_address>0xa0cd</load_address>
         <run_address>0xa0cd</run_address>
         <size>0x159</size>
         <input_file_ref idref="fl-5"/>
      </object_component>
      <object_component id="oc-f7">
         <name>.debug_info</name>
         <load_address>0xa226</load_address>
         <run_address>0xa226</run_address>
         <size>0x1c1</size>
         <input_file_ref idref="fl-5"/>
      </object_component>
      <object_component id="oc-3d">
         <name>.debug_info</name>
         <load_address>0xa3e7</load_address>
         <run_address>0xa3e7</run_address>
         <size>0x283</size>
         <input_file_ref idref="fl-5"/>
      </object_component>
      <object_component id="oc-129">
         <name>.debug_info</name>
         <load_address>0xa66a</load_address>
         <run_address>0xa66a</run_address>
         <size>0x1cf</size>
         <input_file_ref idref="fl-5"/>
      </object_component>
      <object_component id="oc-135">
         <name>.debug_info</name>
         <load_address>0xa839</load_address>
         <run_address>0xa839</run_address>
         <size>0x188</size>
         <input_file_ref idref="fl-5"/>
      </object_component>
      <object_component id="oc-123">
         <name>.debug_info</name>
         <load_address>0xa9c1</load_address>
         <run_address>0xa9c1</run_address>
         <size>0x178</size>
         <input_file_ref idref="fl-5"/>
      </object_component>
      <object_component id="oc-14d">
         <name>.debug_info</name>
         <load_address>0xab39</load_address>
         <run_address>0xab39</run_address>
         <size>0x206</size>
         <input_file_ref idref="fl-5"/>
      </object_component>
      <object_component id="oc-2eb">
         <name>.debug_info</name>
         <load_address>0xad3f</load_address>
         <run_address>0xad3f</run_address>
         <size>0x1af</size>
         <input_file_ref idref="fl-5"/>
      </object_component>
      <object_component id="oc-2f1">
         <name>.debug_info</name>
         <load_address>0xaeee</load_address>
         <run_address>0xaeee</run_address>
         <size>0x1bb</size>
         <input_file_ref idref="fl-5"/>
      </object_component>
      <object_component id="oc-1d4">
         <name>.debug_info</name>
         <load_address>0xb0a9</load_address>
         <run_address>0xb0a9</run_address>
         <size>0x303</size>
         <input_file_ref idref="fl-5"/>
      </object_component>
      <object_component id="oc-1b4">
         <name>.debug_info</name>
         <load_address>0xb3ac</load_address>
         <run_address>0xb3ac</run_address>
         <size>0x249</size>
         <input_file_ref idref="fl-5"/>
      </object_component>
      <object_component id="oc-af">
         <name>.debug_info</name>
         <load_address>0xb5f5</load_address>
         <run_address>0xb5f5</run_address>
         <size>0x214</size>
         <input_file_ref idref="fl-5"/>
      </object_component>
      <object_component id="oc-13b">
         <name>.debug_info</name>
         <load_address>0xb809</load_address>
         <run_address>0xb809</run_address>
         <size>0x235</size>
         <input_file_ref idref="fl-5"/>
      </object_component>
      <object_component id="oc-b5">
         <name>.debug_info</name>
         <load_address>0xba3e</load_address>
         <run_address>0xba3e</run_address>
         <size>0x192</size>
         <input_file_ref idref="fl-5"/>
      </object_component>
      <object_component id="oc-1f8">
         <name>.debug_info</name>
         <load_address>0xbbd0</load_address>
         <run_address>0xbbd0</run_address>
         <size>0x22d</size>
         <input_file_ref idref="fl-5"/>
      </object_component>
      <object_component id="oc-1fe">
         <name>.debug_info</name>
         <load_address>0xbdfd</load_address>
         <run_address>0xbdfd</run_address>
         <size>0x1ad</size>
         <input_file_ref idref="fl-5"/>
      </object_component>
      <object_component id="oc-1c8">
         <name>.debug_info</name>
         <load_address>0xbfaa</load_address>
         <run_address>0xbfaa</run_address>
         <size>0x27a</size>
         <input_file_ref idref="fl-5"/>
      </object_component>
      <object_component id="oc-1da">
         <name>.debug_info</name>
         <load_address>0xc224</load_address>
         <run_address>0xc224</run_address>
         <size>0x1dd</size>
         <input_file_ref idref="fl-5"/>
      </object_component>
      <object_component id="oc-bb">
         <name>.debug_info</name>
         <load_address>0xc401</load_address>
         <run_address>0xc401</run_address>
         <size>0x410</size>
         <input_file_ref idref="fl-5"/>
      </object_component>
      <object_component id="oc-43">
         <name>.debug_info</name>
         <load_address>0xc811</load_address>
         <run_address>0xc811</run_address>
         <size>0x6fc</size>
         <input_file_ref idref="fl-5"/>
      </object_component>
      <object_component id="oc-1ac">
         <name>.debug_info</name>
         <load_address>0xcf0d</load_address>
         <run_address>0xcf0d</run_address>
         <size>0x2c</size>
         <input_file_ref idref="fl-5"/>
      </object_component>
      <object_component id="oc-1a7">
         <name>.debug_info</name>
         <load_address>0xcf39</load_address>
         <run_address>0xcf39</run_address>
         <size>0x35</size>
         <input_file_ref idref="fl-5"/>
      </object_component>
      <object_component id="oc-206">
         <name>.debug_info</name>
         <load_address>0xcf6e</load_address>
         <run_address>0xcf6e</run_address>
         <size>0x1b5</size>
         <input_file_ref idref="fl-b"/>
      </object_component>
      <object_component id="oc-c7">
         <name>.debug_info</name>
         <load_address>0xd123</load_address>
         <run_address>0xd123</run_address>
         <size>0x24a</size>
         <input_file_ref idref="fl-b"/>
      </object_component>
      <object_component id="oc-210">
         <name>.debug_info</name>
         <load_address>0xd36d</load_address>
         <run_address>0xd36d</run_address>
         <size>0x24c</size>
         <input_file_ref idref="fl-b"/>
      </object_component>
      <object_component id="oc-c1">
         <name>.debug_info</name>
         <load_address>0xd5b9</load_address>
         <run_address>0xd5b9</run_address>
         <size>0x2c2</size>
         <input_file_ref idref="fl-b"/>
      </object_component>
      <object_component id="oc-df">
         <name>.debug_info</name>
         <load_address>0xd87b</load_address>
         <run_address>0xd87b</run_address>
         <size>0x27e</size>
         <input_file_ref idref="fl-c"/>
      </object_component>
      <object_component id="oc-e5">
         <name>.debug_info</name>
         <load_address>0xdaf9</load_address>
         <run_address>0xdaf9</run_address>
         <size>0x27b</size>
         <input_file_ref idref="fl-c"/>
      </object_component>
      <object_component id="oc-d9">
         <name>.debug_info</name>
         <load_address>0xdd74</load_address>
         <run_address>0xdd74</run_address>
         <size>0x27d</size>
         <input_file_ref idref="fl-c"/>
      </object_component>
      <object_component id="oc-d3">
         <name>.debug_info</name>
         <load_address>0xdff1</load_address>
         <run_address>0xdff1</run_address>
         <size>0x280</size>
         <input_file_ref idref="fl-c"/>
      </object_component>
      <object_component id="oc-304">
         <name>.debug_info</name>
         <load_address>0xe271</load_address>
         <run_address>0xe271</run_address>
         <size>0x28c</size>
         <input_file_ref idref="fl-c"/>
      </object_component>
      <object_component id="oc-21f">
         <name>.debug_info</name>
         <load_address>0xe4fd</load_address>
         <run_address>0xe4fd</run_address>
         <size>0x297</size>
         <input_file_ref idref="fl-d"/>
      </object_component>
      <object_component id="oc-219">
         <name>.debug_info</name>
         <load_address>0xe794</load_address>
         <run_address>0xe794</run_address>
         <size>0x27b</size>
         <input_file_ref idref="fl-d"/>
      </object_component>
      <object_component id="oc-172">
         <name>.debug_info</name>
         <load_address>0xea0f</load_address>
         <run_address>0xea0f</run_address>
         <size>0x147</size>
         <input_file_ref idref="fl-cb"/>
      </object_component>
      <object_component id="oc-16f">
         <name>.debug_info</name>
         <load_address>0xeb56</load_address>
         <run_address>0xeb56</run_address>
         <size>0x1a6</size>
         <input_file_ref idref="fl-cc"/>
      </object_component>
      <object_component id="oc-6b">
         <name>.debug_info</name>
         <load_address>0xecfc</load_address>
         <run_address>0xecfc</run_address>
         <size>0x1b5</size>
         <input_file_ref idref="fl-cc"/>
      </object_component>
      <object_component id="oc-16a">
         <name>.debug_info</name>
         <load_address>0xeeb1</load_address>
         <run_address>0xeeb1</run_address>
         <size>0x46</size>
         <input_file_ref idref="fl-cc"/>
      </object_component>
      <object_component id="oc-61">
         <name>.debug_info</name>
         <load_address>0xeef7</load_address>
         <run_address>0xeef7</run_address>
         <size>0x17a</size>
         <input_file_ref idref="fl-cd"/>
      </object_component>
      <object_component id="oc-23">
         <name>.debug_info</name>
         <load_address>0xf071</load_address>
         <run_address>0xf071</run_address>
         <size>0x1ea</size>
         <input_file_ref idref="fl-cd"/>
      </object_component>
      <object_component id="oc-5c">
         <name>.debug_info</name>
         <load_address>0xf25b</load_address>
         <run_address>0xf25b</run_address>
         <size>0x46</size>
         <input_file_ref idref="fl-cd"/>
      </object_component>
      <object_component id="oc-162">
         <name>.debug_info</name>
         <load_address>0xf2a1</load_address>
         <run_address>0xf2a1</run_address>
         <size>0x2c</size>
         <input_file_ref idref="fl-cd"/>
      </object_component>
      <object_component id="oc-160">
         <name>.debug_info</name>
         <load_address>0xf2cd</load_address>
         <run_address>0xf2cd</run_address>
         <size>0x170</size>
         <input_file_ref idref="fl-ce"/>
      </object_component>
      <object_component id="oc-1d">
         <name>.debug_info</name>
         <load_address>0xf43d</load_address>
         <run_address>0xf43d</run_address>
         <size>0x250</size>
         <input_file_ref idref="fl-ce"/>
      </object_component>
      <object_component id="oc-4c">
         <name>.debug_info</name>
         <load_address>0xf68d</load_address>
         <run_address>0xf68d</run_address>
         <size>0x60</size>
         <input_file_ref idref="fl-ce"/>
      </object_component>
      <object_component id="oc-26a">
         <name>.debug_info</name>
         <load_address>0xf6ed</load_address>
         <run_address>0xf6ed</run_address>
         <size>0x46</size>
         <input_file_ref idref="fl-ce"/>
      </object_component>
      <object_component id="oc-15b">
         <name>.debug_info</name>
         <load_address>0xf733</load_address>
         <run_address>0xf733</run_address>
         <size>0x39</size>
         <input_file_ref idref="fl-ce"/>
      </object_component>
      <object_component id="oc-49">
         <name>.debug_info</name>
         <load_address>0xf76c</load_address>
         <run_address>0xf76c</run_address>
         <size>0x10b</size>
         <input_file_ref idref="fl-cf"/>
      </object_component>
      <object_component id="oc-78">
         <name>.debug_info</name>
         <load_address>0xf877</load_address>
         <run_address>0xf877</run_address>
         <size>0x1a9</size>
         <input_file_ref idref="fl-cf"/>
      </object_component>
      <object_component id="oc-58">
         <name>.debug_info</name>
         <load_address>0xfa20</load_address>
         <run_address>0xfa20</run_address>
         <size>0x119</size>
         <input_file_ref idref="fl-d0"/>
      </object_component>
      <object_component id="oc-32a">
         <name>.debug_info</name>
         <load_address>0xfb39</load_address>
         <run_address>0xfb39</run_address>
         <size>0x385</size>
         <input_file_ref idref="fl-d1"/>
      </object_component>
      <object_component id="oc-285">
         <name>.debug_info</name>
         <load_address>0xfebe</load_address>
         <run_address>0xfebe</run_address>
         <size>0x1a6</size>
         <input_file_ref idref="fl-d1"/>
      </object_component>
      <object_component id="oc-361">
         <name>.debug_info</name>
         <load_address>0x10064</load_address>
         <run_address>0x10064</run_address>
         <size>0x39</size>
         <input_file_ref idref="fl-d1"/>
      </object_component>
      <object_component id="oc-375">
         <name>.debug_info</name>
         <load_address>0x1009d</load_address>
         <run_address>0x1009d</run_address>
         <size>0x39</size>
         <input_file_ref idref="fl-d1"/>
      </object_component>
      <object_component id="oc-366">
         <name>.debug_info</name>
         <load_address>0x100d6</load_address>
         <run_address>0x100d6</run_address>
         <size>0x39</size>
         <input_file_ref idref="fl-d1"/>
      </object_component>
      <object_component id="oc-36b">
         <name>.debug_info</name>
         <load_address>0x1010f</load_address>
         <run_address>0x1010f</run_address>
         <size>0xcd</size>
         <input_file_ref idref="fl-d1"/>
      </object_component>
      <object_component id="oc-177">
         <name>.debug_info</name>
         <load_address>0x101dc</load_address>
         <run_address>0x101dc</run_address>
         <size>0x153</size>
         <input_file_ref idref="fl-d2"/>
      </object_component>
      <object_component id="oc-276">
         <name>.debug_info</name>
         <load_address>0x1032f</load_address>
         <run_address>0x1032f</run_address>
         <size>0x122</size>
         <input_file_ref idref="fl-d4"/>
      </object_component>
      <object_component id="oc-3ba">
         <name>.debug_info</name>
         <load_address>0x10451</load_address>
         <run_address>0x10451</run_address>
         <size>0xb6</size>
      </object_component>
      <object_component id="oc-22a">
         <name>.debug_line</name>
         <load_address>0x0</load_address>
         <run_address>0x0</run_address>
         <size>0x182</size>
         <input_file_ref idref="fl-2"/>
      </object_component>
      <object_component id="oc-30b">
         <name>.debug_line</name>
         <load_address>0x182</load_address>
         <run_address>0x182</run_address>
         <size>0x68</size>
         <input_file_ref idref="fl-2"/>
      </object_component>
      <object_component id="oc-30d">
         <name>.debug_line</name>
         <load_address>0x1ea</load_address>
         <run_address>0x1ea</run_address>
         <size>0x68</size>
         <input_file_ref idref="fl-2"/>
      </object_component>
      <object_component id="oc-30f">
         <name>.debug_line</name>
         <load_address>0x252</load_address>
         <run_address>0x252</run_address>
         <size>0x68</size>
         <input_file_ref idref="fl-2"/>
      </object_component>
      <object_component id="oc-311">
         <name>.debug_line</name>
         <load_address>0x2ba</load_address>
         <run_address>0x2ba</run_address>
         <size>0x68</size>
         <input_file_ref idref="fl-2"/>
      </object_component>
      <object_component id="oc-238">
         <name>.debug_line</name>
         <load_address>0x322</load_address>
         <run_address>0x322</run_address>
         <size>0x68</size>
         <input_file_ref idref="fl-2"/>
      </object_component>
      <object_component id="oc-31a">
         <name>.debug_line</name>
         <load_address>0x38a</load_address>
         <run_address>0x38a</run_address>
         <size>0x42</size>
         <input_file_ref idref="fl-2"/>
      </object_component>
      <object_component id="oc-cd">
         <name>.debug_line</name>
         <load_address>0x3cc</load_address>
         <run_address>0x3cc</run_address>
         <size>0x87</size>
         <input_file_ref idref="fl-2"/>
      </object_component>
      <object_component id="oc-35">
         <name>.debug_line</name>
         <load_address>0x453</load_address>
         <run_address>0x453</run_address>
         <size>0x170</size>
         <input_file_ref idref="fl-2"/>
      </object_component>
      <object_component id="oc-108">
         <name>.debug_line</name>
         <load_address>0x5c3</load_address>
         <run_address>0x5c3</run_address>
         <size>0x6b</size>
         <input_file_ref idref="fl-2"/>
      </object_component>
      <object_component id="oc-10e">
         <name>.debug_line</name>
         <load_address>0x62e</load_address>
         <run_address>0x62e</run_address>
         <size>0x76</size>
         <input_file_ref idref="fl-2"/>
      </object_component>
      <object_component id="oc-113">
         <name>.debug_line</name>
         <load_address>0x6a4</load_address>
         <run_address>0x6a4</run_address>
         <size>0x68</size>
         <input_file_ref idref="fl-2"/>
      </object_component>
      <object_component id="oc-34e">
         <name>.debug_line</name>
         <load_address>0x70c</load_address>
         <run_address>0x70c</run_address>
         <size>0x6b</size>
         <input_file_ref idref="fl-2"/>
      </object_component>
      <object_component id="oc-190">
         <name>.debug_line</name>
         <load_address>0x777</load_address>
         <run_address>0x777</run_address>
         <size>0x6f</size>
         <input_file_ref idref="fl-2"/>
      </object_component>
      <object_component id="oc-1a2">
         <name>.debug_line</name>
         <load_address>0x7e6</load_address>
         <run_address>0x7e6</run_address>
         <size>0x20</size>
         <input_file_ref idref="fl-2"/>
      </object_component>
      <object_component id="oc-246">
         <name>.debug_line</name>
         <load_address>0x806</load_address>
         <run_address>0x806</run_address>
         <size>0x73</size>
         <input_file_ref idref="fl-2"/>
      </object_component>
      <object_component id="oc-118">
         <name>.debug_line</name>
         <load_address>0x879</load_address>
         <run_address>0x879</run_address>
         <size>0x70</size>
         <input_file_ref idref="fl-2"/>
      </object_component>
      <object_component id="oc-18c">
         <name>.debug_line</name>
         <load_address>0x8e9</load_address>
         <run_address>0x8e9</run_address>
         <size>0x33</size>
         <input_file_ref idref="fl-3"/>
      </object_component>
      <object_component id="oc-99">
         <name>.debug_line</name>
         <load_address>0x91c</load_address>
         <run_address>0x91c</run_address>
         <size>0x33</size>
         <input_file_ref idref="fl-3"/>
      </object_component>
      <object_component id="oc-2e">
         <name>.debug_line</name>
         <load_address>0x94f</load_address>
         <run_address>0x94f</run_address>
         <size>0x4b</size>
         <input_file_ref idref="fl-3"/>
      </object_component>
      <object_component id="oc-89">
         <name>.debug_line</name>
         <load_address>0x99a</load_address>
         <run_address>0x99a</run_address>
         <size>0x48</size>
         <input_file_ref idref="fl-3"/>
      </object_component>
      <object_component id="oc-91">
         <name>.debug_line</name>
         <load_address>0x9e2</load_address>
         <run_address>0x9e2</run_address>
         <size>0x48</size>
         <input_file_ref idref="fl-3"/>
      </object_component>
      <object_component id="oc-94">
         <name>.debug_line</name>
         <load_address>0xa2a</load_address>
         <run_address>0xa2a</run_address>
         <size>0x48</size>
         <input_file_ref idref="fl-3"/>
      </object_component>
      <object_component id="oc-54">
         <name>.debug_line</name>
         <load_address>0xa72</load_address>
         <run_address>0xa72</run_address>
         <size>0x20</size>
         <input_file_ref idref="fl-3"/>
      </object_component>
      <object_component id="oc-34a">
         <name>.debug_line</name>
         <load_address>0xa92</load_address>
         <run_address>0xa92</run_address>
         <size>0xb9</size>
         <input_file_ref idref="fl-4"/>
      </object_component>
      <object_component id="oc-209">
         <name>.debug_line</name>
         <load_address>0xb4b</load_address>
         <run_address>0xb4b</run_address>
         <size>0x4a</size>
         <input_file_ref idref="fl-4"/>
      </object_component>
      <object_component id="oc-1a6">
         <name>.debug_line</name>
         <load_address>0xb95</load_address>
         <run_address>0xb95</run_address>
         <size>0x115</size>
         <input_file_ref idref="fl-5"/>
      </object_component>
      <object_component id="oc-1b2">
         <name>.debug_line</name>
         <load_address>0xcaa</load_address>
         <run_address>0xcaa</run_address>
         <size>0x38</size>
         <input_file_ref idref="fl-5"/>
      </object_component>
      <object_component id="oc-1d1">
         <name>.debug_line</name>
         <load_address>0xce2</load_address>
         <run_address>0xce2</run_address>
         <size>0x50</size>
         <input_file_ref idref="fl-5"/>
      </object_component>
      <object_component id="oc-2bc">
         <name>.debug_line</name>
         <load_address>0xd32</load_address>
         <run_address>0xd32</run_address>
         <size>0x50</size>
         <input_file_ref idref="fl-5"/>
      </object_component>
      <object_component id="oc-2c2">
         <name>.debug_line</name>
         <load_address>0xd82</load_address>
         <run_address>0xd82</run_address>
         <size>0x71</size>
         <input_file_ref idref="fl-5"/>
      </object_component>
      <object_component id="oc-156">
         <name>.debug_line</name>
         <load_address>0xdf3</load_address>
         <run_address>0xdf3</run_address>
         <size>0x50</size>
         <input_file_ref idref="fl-5"/>
      </object_component>
      <object_component id="oc-2d6">
         <name>.debug_line</name>
         <load_address>0xe43</load_address>
         <run_address>0xe43</run_address>
         <size>0x50</size>
         <input_file_ref idref="fl-5"/>
      </object_component>
      <object_component id="oc-2dc">
         <name>.debug_line</name>
         <load_address>0xe93</load_address>
         <run_address>0xe93</run_address>
         <size>0x5f</size>
         <input_file_ref idref="fl-5"/>
      </object_component>
      <object_component id="oc-260">
         <name>.debug_line</name>
         <load_address>0xef2</load_address>
         <run_address>0xef2</run_address>
         <size>0x51</size>
         <input_file_ref idref="fl-5"/>
      </object_component>
      <object_component id="oc-132">
         <name>.debug_line</name>
         <load_address>0xf43</load_address>
         <run_address>0xf43</run_address>
         <size>0x61</size>
         <input_file_ref idref="fl-5"/>
      </object_component>
      <object_component id="oc-196">
         <name>.debug_line</name>
         <load_address>0xfa4</load_address>
         <run_address>0xfa4</run_address>
         <size>0x58</size>
         <input_file_ref idref="fl-5"/>
      </object_component>
      <object_component id="oc-258">
         <name>.debug_line</name>
         <load_address>0xffc</load_address>
         <run_address>0xffc</run_address>
         <size>0x5a</size>
         <input_file_ref idref="fl-5"/>
      </object_component>
      <object_component id="oc-19c">
         <name>.debug_line</name>
         <load_address>0x1056</load_address>
         <run_address>0x1056</run_address>
         <size>0x130</size>
         <input_file_ref idref="fl-5"/>
      </object_component>
      <object_component id="oc-a0">
         <name>.debug_line</name>
         <load_address>0x1186</load_address>
         <run_address>0x1186</run_address>
         <size>0x8d</size>
         <input_file_ref idref="fl-5"/>
      </object_component>
      <object_component id="oc-a6">
         <name>.debug_line</name>
         <load_address>0x1213</load_address>
         <run_address>0x1213</run_address>
         <size>0x50</size>
         <input_file_ref idref="fl-5"/>
      </object_component>
      <object_component id="oc-3a">
         <name>.debug_line</name>
         <load_address>0x1263</load_address>
         <run_address>0x1263</run_address>
         <size>0x60</size>
         <input_file_ref idref="fl-5"/>
      </object_component>
      <object_component id="oc-2c8">
         <name>.debug_line</name>
         <load_address>0x12c3</load_address>
         <run_address>0x12c3</run_address>
         <size>0x50</size>
         <input_file_ref idref="fl-5"/>
      </object_component>
      <object_component id="oc-2e3">
         <name>.debug_line</name>
         <load_address>0x1313</load_address>
         <run_address>0x1313</run_address>
         <size>0x50</size>
         <input_file_ref idref="fl-5"/>
      </object_component>
      <object_component id="oc-2cf">
         <name>.debug_line</name>
         <load_address>0x1363</load_address>
         <run_address>0x1363</run_address>
         <size>0x50</size>
         <input_file_ref idref="fl-5"/>
      </object_component>
      <object_component id="oc-2e9">
         <name>.debug_line</name>
         <load_address>0x13b3</load_address>
         <run_address>0x13b3</run_address>
         <size>0x50</size>
         <input_file_ref idref="fl-5"/>
      </object_component>
      <object_component id="oc-1e4">
         <name>.debug_line</name>
         <load_address>0x1403</load_address>
         <run_address>0x1403</run_address>
         <size>0x50</size>
         <input_file_ref idref="fl-5"/>
      </object_component>
      <object_component id="oc-1f6">
         <name>.debug_line</name>
         <load_address>0x1453</load_address>
         <run_address>0x1453</run_address>
         <size>0x50</size>
         <input_file_ref idref="fl-5"/>
      </object_component>
      <object_component id="oc-1c6">
         <name>.debug_line</name>
         <load_address>0x14a3</load_address>
         <run_address>0x14a3</run_address>
         <size>0x50</size>
         <input_file_ref idref="fl-5"/>
      </object_component>
      <object_component id="oc-1f0">
         <name>.debug_line</name>
         <load_address>0x14f3</load_address>
         <run_address>0x14f3</run_address>
         <size>0x51</size>
         <input_file_ref idref="fl-5"/>
      </object_component>
      <object_component id="oc-1ea">
         <name>.debug_line</name>
         <load_address>0x1544</load_address>
         <run_address>0x1544</run_address>
         <size>0x50</size>
         <input_file_ref idref="fl-5"/>
      </object_component>
      <object_component id="oc-145">
         <name>.debug_line</name>
         <load_address>0x1594</load_address>
         <run_address>0x1594</run_address>
         <size>0x56</size>
         <input_file_ref idref="fl-5"/>
      </object_component>
      <object_component id="oc-14b">
         <name>.debug_line</name>
         <load_address>0x15ea</load_address>
         <run_address>0x15ea</run_address>
         <size>0x50</size>
         <input_file_ref idref="fl-5"/>
      </object_component>
      <object_component id="oc-317">
         <name>.debug_line</name>
         <load_address>0x163a</load_address>
         <run_address>0x163a</run_address>
         <size>0x5a</size>
         <input_file_ref idref="fl-5"/>
      </object_component>
      <object_component id="oc-23d">
         <name>.debug_line</name>
         <load_address>0x1694</load_address>
         <run_address>0x1694</run_address>
         <size>0x98</size>
         <input_file_ref idref="fl-5"/>
      </object_component>
      <object_component id="oc-1bd">
         <name>.debug_line</name>
         <load_address>0x172c</load_address>
         <run_address>0x172c</run_address>
         <size>0x53</size>
         <input_file_ref idref="fl-5"/>
      </object_component>
      <object_component id="oc-24c">
         <name>.debug_line</name>
         <load_address>0x177f</load_address>
         <run_address>0x177f</run_address>
         <size>0x50</size>
         <input_file_ref idref="fl-5"/>
      </object_component>
      <object_component id="oc-252">
         <name>.debug_line</name>
         <load_address>0x17cf</load_address>
         <run_address>0x17cf</run_address>
         <size>0x51</size>
         <input_file_ref idref="fl-5"/>
      </object_component>
      <object_component id="oc-11f">
         <name>.debug_line</name>
         <load_address>0x1820</load_address>
         <run_address>0x1820</run_address>
         <size>0x141</size>
         <input_file_ref idref="fl-5"/>
      </object_component>
      <object_component id="oc-f4">
         <name>.debug_line</name>
         <load_address>0x1961</load_address>
         <run_address>0x1961</run_address>
         <size>0x50</size>
         <input_file_ref idref="fl-5"/>
      </object_component>
      <object_component id="oc-ee">
         <name>.debug_line</name>
         <load_address>0x19b1</load_address>
         <run_address>0x19b1</run_address>
         <size>0x56</size>
         <input_file_ref idref="fl-5"/>
      </object_component>
      <object_component id="oc-fa">
         <name>.debug_line</name>
         <load_address>0x1a07</load_address>
         <run_address>0x1a07</run_address>
         <size>0x4e</size>
         <input_file_ref idref="fl-5"/>
      </object_component>
      <object_component id="oc-40">
         <name>.debug_line</name>
         <load_address>0x1a55</load_address>
         <run_address>0x1a55</run_address>
         <size>0x99</size>
         <input_file_ref idref="fl-5"/>
      </object_component>
      <object_component id="oc-12c">
         <name>.debug_line</name>
         <load_address>0x1aee</load_address>
         <run_address>0x1aee</run_address>
         <size>0x5f</size>
         <input_file_ref idref="fl-5"/>
      </object_component>
      <object_component id="oc-138">
         <name>.debug_line</name>
         <load_address>0x1b4d</load_address>
         <run_address>0x1b4d</run_address>
         <size>0x57</size>
         <input_file_ref idref="fl-5"/>
      </object_component>
      <object_component id="oc-126">
         <name>.debug_line</name>
         <load_address>0x1ba4</load_address>
         <run_address>0x1ba4</run_address>
         <size>0x57</size>
         <input_file_ref idref="fl-5"/>
      </object_component>
      <object_component id="oc-150">
[...]
         <object_component_ref idref="oc-cc"/>
      </symbol>
      <symbol id="sm-b8">
         <name>IPC_CM_To_CPU1_PutBuffer</name>
         <value>0x20082000</value>
         <object_component_ref idref="oc-22b"/>
      </symbol>
      <symbol id="sm-b9">
         <name>main</name>
         <value>0x20001515</value>
         <object_component_ref idref="oc-31"/>
      </symbol>
      <symbol id="sm-ba">
         <name>status</name>
         <value>0x2000c6ec</value>
         <object_component_ref idref="oc-23f"/>
      </symbol>
      <symbol id="sm-bb">
         <name>IPC_ISR0</name>
         <value>0x20001ee9</value>
         <object_component_ref idref="oc-104"/>
      </symbol>
      <symbol id="sm-bc">
         <name>IPC_Instance</name>
         <value>0x1fffc200</value>
         <object_component_ref idref="oc-101"/>
      </symbol>
      <symbol id="sm-bd">
         <name>IPC_CM_To_CPU2_GetBuffer</name>
         <value>0x20084000</value>
         <object_component_ref idref="oc-234"/>
      </symbol>
      <symbol id="sm-be">
         <name>IPC_CM_To_CPU1_GetBuffer</name>
         <value>0x20080000</value>
         <object_component_ref idref="oc-22e"/>
      </symbol>
      <symbol id="sm-f5">
         <name>vectorTableRAM</name>
         <value>0x20000c00</value>
         <object_component_ref idref="oc-27"/>
      </symbol>
      <symbol id="sm-102">
         <name>__error__</name>
         <value>0x20002631</value>
         <object_component_ref idref="oc-208"/>
      </symbol>
      <symbol id="sm-3d2">
         <name>Ethernet_device_struct</name>
         <value>0x2000c000</value>
      </symbol>
      <symbol id="sm-3d3">
         <name>Ethernet_pktDescriptorRX</name>
         <value>0x2000c5ec</value>
      </symbol>
      <symbol id="sm-3d4">
         <name>Ethernet_descArray</name>
         <value>0x2000c25c</value>
      </symbol>
      <symbol id="sm-3d5">
         <name>Ethernet_rxChan0BufUnavail</name>
         <value>0x2000c6e0</value>
         <object_component_ref idref="oc-ab"/>
      </symbol>
      <symbol id="sm-3d6">
         <name>Ethernet_rxChan1BufUnavail</name>
         <value>0x2000c6e8</value>
         <object_component_ref idref="oc-ab"/>
      </symbol>
      <symbol id="sm-3d7">
         <name>Ethernet_numTxPktFreeCallback</name>
         <value>0x2000c690</value>
         <object_component_ref idref="oc-ab"/>
      </symbol>
      <symbol id="sm-3d8">
         <name>Ethernet_writeTxDMAControl</name>
         <value>0x20001c59</value>
         <object_component_ref idref="oc-2be"/>
      </symbol>
      <symbol id="sm-3d9">
         <name>Ethernet_getPHYMode</name>
         <value>0x2000260b</value>
         <object_component_ref idref="oc-25c"/>
      </symbol>
      <symbol id="sm-3da">
         <name>Ethernet_writeTxDescTailPointer</name>
         <value>0x200025db</value>
         <object_component_ref idref="oc-1cd"/>
      </symbol>
      <symbol id="sm-3db">
         <name>Ethernet_setMTLRxQueueOpMode</name>
         <value>0x2000249d</value>
         <object_component_ref idref="oc-2e4"/>
      </symbol>
      <symbol id="sm-3dc">
         <name>Ethernet_transmitISR</name>
         <value>0x20002231</value>
         <object_component_ref idref="oc-30"/>
      </symbol>
      <symbol id="sm-3dd">
         <name>Ethernet_setMTLOpmode</name>
         <value>0x200025ab</value>
         <object_component_ref idref="oc-1df"/>
      </symbol>
      <symbol id="sm-3de">
         <name>Ethernet_writeTxDescListAddress</name>
         <value>0x200025cf</value>
         <object_component_ref idref="oc-2b8"/>
      </symbol>
      <symbol id="sm-3df">
         <name>Ethernet_writePHYRegister</name>
         <value>0x20001fcd</value>
         <object_component_ref idref="oc-12e"/>
      </symbol>
      <symbol id="sm-3e0">
         <name>Ethernet_removePacketsFromTxQueue</name>
         <value>0x20001965</value>
         <object_component_ref idref="oc-9c"/>
      </symbol>
      <symbol id="sm-3e1">
         <name>Ethernet_rwakeupPktReceivedCount</name>
         <value>0x2000c6d8</value>
         <object_component_ref idref="oc-ab"/>
      </symbol>
      <symbol id="sm-3e2">
         <name>Ethernet_isTimestampIntActive</name>
         <value>0x2000246d</value>
         <object_component_ref idref="oc-122"/>
      </symbol>
      <symbol id="sm-3e3">
         <name>Ethernet_setMACConfiguration</name>
         <value>0x2000261d</value>
         <object_component_ref idref="oc-1c1"/>
      </symbol>
      <symbol id="sm-3e4">
         <name>Ethernet_genericRxCompletionInterruptCount</name>
         <value>0x2000c6b4</value>
         <object_component_ref idref="oc-ab"/>
      </symbol>
      <symbol id="sm-3e5">
         <name>Ethernet_numGetPacketBufferCallback</name>
         <value>0x2000c698</value>
         <object_component_ref idref="oc-ab"/>
      </symbol>
      <symbol id="sm-3e6">
         <name>Ethernet_initInterface</name>
         <value>0x20001a31</value>
         <object_component_ref idref="oc-ae"/>
      </symbol>
      <symbol id="sm-3e7">
         <name>Ethernet_receivePacketCallback</name>
         <value>0x2000251d</value>
         <object_component_ref idref="oc-f6"/>
      </symbol>
      <symbol id="sm-3e8">
         <name>Ethernet_receiveISR</name>
         <value>0x20001675</value>
         <object_component_ref idref="oc-3c"/>
      </symbol>
      <symbol id="sm-3e9">
         <name>Ethernet_sendPacket</name>
         <value>0x20001799</value>
         <object_component_ref idref="oc-239"/>
      </symbol>
      <symbol id="sm-3ea">
         <name>Ethernet_isTransmitTimestampStatusSet</name>
         <value>0x20002485</value>
         <object_component_ref idref="oc-134"/>
      </symbol>
      <symbol id="sm-3eb">
         <name>Ethernet_rxReplacementFailedCount</name>
         <value>0x2000c6bc</value>
         <object_component_ref idref="oc-ab"/>
      </symbol>
      <symbol id="sm-3ec">
         <name>Ethernet_setTxDescRingLength</name>
         <value>0x200024b3</value>
         <object_component_ref idref="oc-2c4"/>
      </symbol>
      <symbol id="sm-3ed">
         <name>Ethernet_readPHYRegister</name>
         <value>0x20002289</value>
         <object_component_ref idref="oc-128"/>
      </symbol>
      <symbol id="sm-3ee">
         <name>Ethernet_initRxChannel</name>
         <value>0x20001889</value>
         <object_component_ref idref="oc-1d3"/>
      </symbol>
      <symbol id="sm-3ef">
         <name>Ethernet_setDMAMode</name>
         <value>0x20002615</value>
         <object_component_ref idref="oc-1e5"/>
      </symbol>
      <symbol id="sm-3f0">
         <name>C</name>
         <value>0x2000c68c</value>
         <object_component_ref idref="oc-ab"/>
      </symbol>
      <symbol id="sm-3f1">
         <name>B</name>
         <value>0x2000c688</value>
         <object_component_ref idref="oc-ab"/>
      </symbol>
      <symbol id="sm-3f2">
         <name>A</name>
         <value>0x2000c684</value>
         <object_component_ref idref="oc-ab"/>
      </symbol>
      <symbol id="sm-3f3">
         <name>Ethernet_addPacketsIntoRxQueue</name>
         <value>0x20002175</value>
         <object_component_ref idref="oc-14c"/>
      </symbol>
      <symbol id="sm-3f4">
         <name>Ethernet_releaseTxPacketBuffer</name>
         <value>0x2000252d</value>
         <object_component_ref idref="oc-f0"/>
      </symbol>
      <symbol id="sm-3f5">
         <name>TEMP</name>
         <value>0x2000c680</value>
         <object_component_ref idref="oc-ab"/>
      </symbol>
      <symbol id="sm-3f6">
         <name>Ethernet_genericISR</name>
         <value>0x20000d41</value>
         <object_component_ref idref="oc-42"/>
      </symbol>
      <symbol id="sm-3f7">
         <name>Ethernet_configureRevMIIAddress</name>
         <value>0x2000259f</value>
         <object_component_ref idref="oc-1b3"/>
      </symbol>
      <symbol id="sm-3f8">
         <name>Ethernet_clearDMAChannelInterrupt</name>
         <value>0x20002593</value>
         <object_component_ref idref="oc-a2"/>
      </symbol>
      <symbol id="sm-3f9">
         <name>Ethernet_genericInterruptCount</name>
         <value>0x2000c6a8</value>
         <object_component_ref idref="oc-ab"/>
      </symbol>
      <symbol id="sm-3fa">
         <name>Ethernet_eeeTxLPIEntryCount</name>
         <value>0x2000c6c0</value>
         <object_component_ref idref="oc-ab"/>
      </symbol>
      <symbol id="sm-3fb">
         <name>Ethernet_eeeRxLPIEntryCount</name>
         <value>0x2000c6c8</value>
         <object_component_ref idref="oc-ab"/>
      </symbol>
      <symbol id="sm-3fc">
         <name>Ethernet_getInitConfig</name>
         <value>0x20001361</value>
         <object_component_ref idref="oc-b4"/>
      </symbol>
      <symbol id="sm-3fd">
         <name>Ethernet_setRxDescRingLength</name>
         <value>0x20000bed</value>
         <object_component_ref idref="oc-2de"/>
      </symbol>
      <symbol id="sm-3fe">
         <name>Ethernet_phyLinkStatusChangeInterruptCount</name>
         <value>0x2000c6b8</value>
         <object_component_ref idref="oc-ab"/>
      </symbol>
      <symbol id="sm-3ff">
         <name>Ethernet_rxInterruptCount</name>
         <value>0x2000c6a0</value>
         <object_component_ref idref="oc-ab"/>
      </symbol>
      <symbol id="sm-400">
         <name>Ethernet_resetModule</name>
         <value>0x2000253d</value>
         <object_component_ref idref="oc-1b9"/>
      </symbol>
      <symbol id="sm-401">
         <name>Ethernet_removePacketsFromRxQueue</name>
         <value>0x20001169</value>
         <object_component_ref idref="oc-11b"/>
      </symbol>
      <symbol id="sm-402">
         <name>Ethernet_setMTLTxQueueOpMode</name>
         <value>0x20002451</value>
         <object_component_ref idref="oc-2ca"/>
      </symbol>
      <symbol id="sm-403">
         <name>Ethernet_configureEEEClockGatingControl</name>
         <value>0x200023d7</value>
         <object_component_ref idref="oc-140"/>
      </symbol>
      <symbol id="sm-404">
         <name>Ethernet_addPacketsIntoTxQueue</name>
         <value>0x20000809</value>
         <object_component_ref idref="oc-198"/>
      </symbol>
      <symbol id="sm-405">
         <name>Ethernet_enableDmaInterrupt</name>
         <value>0x2000250d</value>
         <object_component_ref idref="oc-1d9"/>
      </symbol>
      <symbol id="sm-406">
         <name>Ethernet_txChan0BufUnavail</name>
         <value>0x2000c6dc</value>
         <object_component_ref idref="oc-ab"/>
      </symbol>
      <symbol id="sm-407">
         <name>Ethernet_earlyTxInterruptCount</name>
         <value>0x2000c6b0</value>
         <object_component_ref idref="oc-ab"/>
      </symbol>
      <symbol id="sm-408">
         <name>Ethernet_txChan1BufUnavail</name>
         <value>0x2000c6e4</value>
         <object_component_ref idref="oc-ab"/>
      </symbol>
      <symbol id="sm-409">
         <name>Ethernet_magicPktReceivedCount</name>
         <value>0x2000c6d4</value>
         <object_component_ref idref="oc-ab"/>
      </symbol>
      <symbol id="sm-40a">
         <name>Ethernet_configurePHYAddress</name>
         <value>0x2000254d</value>
         <object_component_ref idref="oc-1fd"/>
      </symbol>
      <symbol id="sm-40b">
         <name>Ethernet_rxContextTimeStamp</name>
         <value>0x2000c6a4</value>
         <object_component_ref idref="oc-ab"/>
      </symbol>
      <symbol id="sm-40c">
         <name>Ethernet_writeRxDescListAddress</name>
         <value>0x200025b7</value>
         <object_component_ref idref="oc-2d2"/>
      </symbol>
      <symbol id="sm-40d">
         <name>Ethernet_getOneStepTransmitTimestampPTP</name>
         <value>0x200020a5</value>
         <object_component_ref idref="oc-13a"/>
      </symbol>
      <symbol id="sm-40e">
         <name>Ethernet_numRxCallback</name>
         <value>0x2000c694</value>
         <object_component_ref idref="oc-ab"/>
      </symbol>
      <symbol id="sm-40f">
         <name>Ethernet_setMACPacketFilter</name>
         <value>0x20002625</value>
         <object_component_ref idref="oc-1f1"/>
      </symbol>
      <symbol id="sm-410">
         <name>Ethernet_pmtInterruptCount</name>
         <value>0x2000c6d0</value>
         <object_component_ref idref="oc-ab"/>
      </symbol>
      <symbol id="sm-411">
         <name>Ethernet_getHandle</name>
         <value>0x20000a5d</value>
         <object_component_ref idref="oc-ba"/>
      </symbol>
      <symbol id="sm-412">
         <name>Ethernet_getRxERICount</name>
         <value>0x200024d9</value>
         <object_component_ref idref="oc-24e"/>
      </symbol>
      <symbol id="sm-413">
         <name>Ethernet_enableRxDMAReception</name>
         <value>0x200024c7</value>
         <object_component_ref idref="oc-2f0"/>
      </symbol>
      <symbol id="sm-414">
         <name>Ethernet_earlyRxInterruptCount</name>
         <value>0x2000c6ac</value>
         <object_component_ref idref="oc-ab"/>
      </symbol>
      <symbol id="sm-415">
         <name>Ethernet_enableMACRxQ</name>
         <value>0x200023b5</value>
         <object_component_ref idref="oc-2ea"/>
      </symbol>
      <symbol id="sm-416">
         <name>Ethernet_configureMDIO</name>
         <value>0x200024fd</value>
         <object_component_ref idref="oc-1f7"/>
      </symbol>
      <symbol id="sm-417">
         <name>Ethernet_writeRxDescTailPointer</name>
         <value>0x200025c3</value>
         <object_component_ref idref="oc-152"/>
      </symbol>
      <symbol id="sm-418">
         <name>Ethernet_writeRxDMAControl</name>
         <value>0x2000203b</value>
         <object_component_ref idref="oc-2d8"/>
      </symbol>
      <symbol id="sm-419">
         <name>Ethernet_eeeRxLPIExitCount</name>
         <value>0x2000c6cc</value>
         <object_component_ref idref="oc-ab"/>
      </symbol>
      <symbol id="sm-41a">
         <name>Ethernet_setMACAddr</name>
         <value>0x200023f7</value>
         <object_component_ref idref="oc-1eb"/>
      </symbol>
      <symbol id="sm-41b">
         <name>Ethernet_getPacketBuffer</name>
         <value>0x200022dd</value>
         <object_component_ref idref="oc-ea"/>
      </symbol>
      <symbol id="sm-41c">
         <name>Ethernet_txInterruptCount</name>
         <value>0x2000c69c</value>
         <object_component_ref idref="oc-ab"/>
      </symbol>
      <symbol id="sm-41d">
         <name>Ethernet_disableTxEEEMode</name>
         <value>0x2000255b</value>
         <object_component_ref idref="oc-146"/>
      </symbol>
      <symbol id="sm-41e">
         <name>Ethernet_eeeTxLPIExitCount</name>
         <value>0x2000c6c4</value>
         <object_component_ref idref="oc-ab"/>
      </symbol>
      <symbol id="sm-453">
         <name>Interrupt_disable</name>
         <value>0x20001d6d</value>
         <object_component_ref idref="oc-20f"/>
      </symbol>
      <symbol id="sm-454">
         <name>Interrupt_enable</name>
         <value>0x20001ded</value>
         <object_component_ref idref="oc-c6"/>
      </symbol>
      <symbol id="sm-455">
         <name>Interrupt_registerHandler</name>
         <value>0x200021d5</value>
         <object_component_ref idref="oc-c0"/>
      </symbol>
      <symbol id="sm-47c">
         <name>Platform_disableInterrupt</name>
         <value>0x200025e7</value>
         <object_component_ref idref="oc-d2"/>
      </symbol>
      <symbol id="sm-47d">
         <name>Platform_enableInterrupt</name>
         <value>0x200025f3</value>
         <object_component_ref idref="oc-d8"/>
      </symbol>
      <symbol id="sm-47e">
         <name>Platform_enablePeripheral</name>
         <value>0x20002569</value>
         <object_component_ref idref="oc-de"/>
      </symbol>
      <symbol id="sm-47f">
         <name>Platform_resetPeripheral</name>
         <value>0x20002577</value>
         <object_component_ref idref="oc-e4"/>
      </symbol>
      <symbol id="sm-497">
         <name>SysCtl_enablePeripheral</name>
         <value>0x20002329</value>
         <object_component_ref idref="oc-217"/>
      </symbol>
      <symbol id="sm-498">
         <name>SysCtl_resetPeripheral</name>
         <value>0x20001f5d</value>
         <object_component_ref idref="oc-21e"/>
      </symbol>
      <symbol id="sm-4af">
         <name>__aeabi_memset</name>
         <value>0x20001e6f</value>
         <object_component_ref idref="oc-170"/>
      </symbol>
      <symbol id="sm-4b0">
         <name>memset</name>
         <value>0x20001e75</value>
         <object_component_ref idref="oc-170"/>
      </symbol>
      <symbol id="sm-4b1">
         <name>__aeabi_memset8</name>
         <value>0x20001e6f</value>
         <object_component_ref idref="oc-170"/>
      </symbol>
      <symbol id="sm-4b2">
         <name>__aeabi_memset4</name>
         <value>0x20001e6f</value>
         <object_component_ref idref="oc-170"/>
      </symbol>
      <symbol id="sm-4b3">
         <name>__aeabi_memclr8</name>
         <value>0x20001e6d</value>
         <object_component_ref idref="oc-170"/>
      </symbol>
      <symbol id="sm-4b4">
         <name>__aeabi_memclr4</name>
         <value>0x20001e6d</value>
         <object_component_ref idref="oc-170"/>
      </symbol>
      <symbol id="sm-4b5">
         <name>__aeabi_memclr</name>
         <value>0x20001e6d</value>
         <object_component_ref idref="oc-170"/>
      </symbol>
      <symbol id="sm-4c7">
         <name>__TI_zero_init</name>
         <value>0x200025ff</value>
         <object_component_ref idref="oc-68"/>
      </symbol>
      <symbol id="sm-4de">
         <name>__TI_decompress_none</name>
         <value>0x20002585</value>
         <object_component_ref idref="oc-1f"/>
      </symbol>
      <symbol id="sm-501">
         <name>__TI_decompress_lzss</name>
         <value>0x2000210d</value>
         <object_component_ref idref="oc-19"/>
      </symbol>
      <symbol id="sm-513">
         <name>__stack</name>
         <value>0x1fffc000</value>
         <object_component_ref idref="oc-48"/>
      </symbol>
      <symbol id="sm-514">
         <name>_c_int00_noargs</name>
         <value>0x20000bc9</value>
         <object_component_ref idref="oc-74"/>
      </symbol>
      <symbol id="sm-52f">
         <name>memcpy</name>
         <value>0x20001bbd</value>
         <object_component_ref idref="oc-56"/>
      </symbol>
      <symbol id="sm-530">
         <name>__aeabi_memcpy</name>
         <value>0x20001bbd</value>
         <object_component_ref idref="oc-56"/>
      </symbol>
      <symbol id="sm-531">
         <name>__aeabi_memcpy8</name>
         <value>0x20001bbd</value>
         <object_component_ref idref="oc-56"/>
      </symbol>
      <symbol id="sm-532">
         <name>__aeabi_memcpy4</name>
         <value>0x20001bbd</value>
         <object_component_ref idref="oc-56"/>
      </symbol>
      <symbol id="sm-55a">
         <name>__TI_auto_init_nobinit_nopinit</name>
         <value>0x20002371</value>
         <object_component_ref idref="oc-281"/>
      </symbol>
      <symbol id="sm-564">
         <name>_system_pre_init</name>
         <value>0x20002635</value>
         <object_component_ref idref="oc-176"/>
      </symbol>
      <symbol id="sm-570">
         <name>C$$EXIT</name>
         <value>0x20002639</value>
         <object_component_ref idref="oc-275"/>
      </symbol>
      <symbol id="sm-571">
         <name>abort</name>
         <value>0x20002639</value>
         <object_component_ref idref="oc-275"/>
      </symbol>
      <symbol id="sm-574">
         <name>__TI_static_base__</name>
         <value>0x1fffe000</value>
      </symbol>
      <symbol id="sm-577">
         <name>__mpu_init</name>
         <value>0x0</value>
      </symbol>
      <symbol id="sm-578">
         <name>_system_post_cinit</name>
         <value>0x0</value>
      </symbol>
   </symbol_table>
   <title>Link successful</title>
</link_info>
